Component: ARM Compiler 5.06 update 6 (build 750) Tool: armlink [4d35ed]

==============================================================================

Section Cross References

    startup_stm32f429_439xx.o(RESET) refers to startup_stm32f429_439xx.o(STACK) for __initial_sp
    startup_stm32f429_439xx.o(RESET) refers to startup_stm32f429_439xx.o(.text) for Reset_Handler
    startup_stm32f429_439xx.o(RESET) refers to stm32f4xx_it.o(i.NMI_Handler) for NMI_Handler
    startup_stm32f429_439xx.o(RESET) refers to stm32f4xx_it.o(i.HardFault_Handler) for HardFault_Handler
    startup_stm32f429_439xx.o(RESET) refers to stm32f4xx_it.o(i.MemManage_Handler) for MemManage_Handler
    startup_stm32f429_439xx.o(RESET) refers to stm32f4xx_it.o(i.BusFault_Handler) for BusFault_Handler
    startup_stm32f429_439xx.o(RESET) refers to stm32f4xx_it.o(i.UsageFault_Handler) for UsageFault_Handler
    startup_stm32f429_439xx.o(RESET) refers to stm32f4xx_it.o(i.SVC_Handler) for SVC_Handler
    startup_stm32f429_439xx.o(RESET) refers to stm32f4xx_it.o(i.DebugMon_Handler) for DebugMon_Handler
    startup_stm32f429_439xx.o(RESET) refers to stm32f4xx_it.o(i.PendSV_Handler) for PendSV_Handler
    startup_stm32f429_439xx.o(RESET) refers to stm32f4xx_it.o(i.SysTick_Handler) for SysTick_Handler
    startup_stm32f429_439xx.o(RESET) refers to stm32f4xx_it.o(i.EXTI1_IRQHandler) for EXTI1_IRQHandler
    startup_stm32f429_439xx.o(.text) refers to system_stm32f4xx.o(i.SystemInit) for SystemInit
    startup_stm32f429_439xx.o(.text) refers to entry.o(.ARM.Collect$$$$00000000) for __main
    system_stm32f4xx.o(i.SystemCoreClockUpdate) refers to system_stm32f4xx.o(.data) for .data
    system_stm32f4xx.o(i.SystemInit) refers to system_stm32f4xx.o(i.SetSysClock) for SetSysClock
    stm32f4xx_adc.o(i.ADC_DeInit) refers to stm32f4xx_rcc.o(i.RCC_APB2PeriphResetCmd) for RCC_APB2PeriphResetCmd
    stm32f4xx_can.o(i.CAN_DeInit) refers to stm32f4xx_rcc.o(i.RCC_APB1PeriphResetCmd) for RCC_APB1PeriphResetCmd
    stm32f4xx_can.o(i.CAN_GetITStatus) refers to stm32f4xx_can.o(i.CheckITStatus) for CheckITStatus
    stm32f4xx_cryp.o(i.CRYP_DeInit) refers to stm32f4xx_rcc.o(i.RCC_AHB2PeriphResetCmd) for RCC_AHB2PeriphResetCmd
    stm32f4xx_cryp_aes.o(i.CRYP_AES_CBC) refers to stm32f4xx_cryp.o(i.CRYP_KeyStructInit) for CRYP_KeyStructInit
    stm32f4xx_cryp_aes.o(i.CRYP_AES_CBC) refers to stm32f4xx_cryp.o(i.CRYP_KeyInit) for CRYP_KeyInit
    stm32f4xx_cryp_aes.o(i.CRYP_AES_CBC) refers to stm32f4xx_cryp.o(i.CRYP_Init) for CRYP_Init
    stm32f4xx_cryp_aes.o(i.CRYP_AES_CBC) refers to stm32f4xx_cryp.o(i.CRYP_IVInit) for CRYP_IVInit
    stm32f4xx_cryp_aes.o(i.CRYP_AES_CBC) refers to stm32f4xx_cryp.o(i.CRYP_FIFOFlush) for CRYP_FIFOFlush
    stm32f4xx_cryp_aes.o(i.CRYP_AES_CBC) refers to stm32f4xx_cryp.o(i.CRYP_Cmd) for CRYP_Cmd
    stm32f4xx_cryp_aes.o(i.CRYP_AES_CBC) refers to stm32f4xx_cryp.o(i.CRYP_GetCmdStatus) for CRYP_GetCmdStatus
    stm32f4xx_cryp_aes.o(i.CRYP_AES_CBC) refers to stm32f4xx_cryp.o(i.CRYP_GetFlagStatus) for CRYP_GetFlagStatus
    stm32f4xx_cryp_aes.o(i.CRYP_AES_CBC) refers to stm32f4xx_cryp.o(i.CRYP_DataIn) for CRYP_DataIn
    stm32f4xx_cryp_aes.o(i.CRYP_AES_CBC) refers to stm32f4xx_cryp.o(i.CRYP_DataOut) for CRYP_DataOut
    stm32f4xx_cryp_aes.o(i.CRYP_AES_CCM) refers to stm32f4xx_cryp.o(i.CRYP_KeyStructInit) for CRYP_KeyStructInit
    stm32f4xx_cryp_aes.o(i.CRYP_AES_CCM) refers to stm32f4xx_cryp.o(i.CRYP_FIFOFlush) for CRYP_FIFOFlush
    stm32f4xx_cryp_aes.o(i.CRYP_AES_CCM) refers to stm32f4xx_cryp.o(i.CRYP_KeyInit) for CRYP_KeyInit
    stm32f4xx_cryp_aes.o(i.CRYP_AES_CCM) refers to stm32f4xx_cryp.o(i.CRYP_IVInit) for CRYP_IVInit
    stm32f4xx_cryp_aes.o(i.CRYP_AES_CCM) refers to stm32f4xx_cryp.o(i.CRYP_Init) for CRYP_Init
    stm32f4xx_cryp_aes.o(i.CRYP_AES_CCM) refers to stm32f4xx_cryp.o(i.CRYP_PhaseConfig) for CRYP_PhaseConfig
    stm32f4xx_cryp_aes.o(i.CRYP_AES_CCM) refers to stm32f4xx_cryp.o(i.CRYP_DataIn) for CRYP_DataIn
    stm32f4xx_cryp_aes.o(i.CRYP_AES_CCM) refers to stm32f4xx_cryp.o(i.CRYP_Cmd) for CRYP_Cmd
    stm32f4xx_cryp_aes.o(i.CRYP_AES_CCM) refers to stm32f4xx_cryp.o(i.CRYP_GetCmdStatus) for CRYP_GetCmdStatus
    stm32f4xx_cryp_aes.o(i.CRYP_AES_CCM) refers to stm32f4xx_cryp.o(i.CRYP_GetFlagStatus) for CRYP_GetFlagStatus
    stm32f4xx_cryp_aes.o(i.CRYP_AES_CCM) refers to stm32f4xx_cryp.o(i.CRYP_DataOut) for CRYP_DataOut
    stm32f4xx_cryp_aes.o(i.CRYP_AES_CTR) refers to stm32f4xx_cryp.o(i.CRYP_KeyStructInit) for CRYP_KeyStructInit
    stm32f4xx_cryp_aes.o(i.CRYP_AES_CTR) refers to stm32f4xx_cryp.o(i.CRYP_KeyInit) for CRYP_KeyInit
    stm32f4xx_cryp_aes.o(i.CRYP_AES_CTR) refers to stm32f4xx_cryp.o(i.CRYP_Init) for CRYP_Init
    stm32f4xx_cryp_aes.o(i.CRYP_AES_CTR) refers to stm32f4xx_cryp.o(i.CRYP_IVInit) for CRYP_IVInit
    stm32f4xx_cryp_aes.o(i.CRYP_AES_CTR) refers to stm32f4xx_cryp.o(i.CRYP_FIFOFlush) for CRYP_FIFOFlush
    stm32f4xx_cryp_aes.o(i.CRYP_AES_CTR) refers to stm32f4xx_cryp.o(i.CRYP_Cmd) for CRYP_Cmd
[...]
    CAN2_RX1_IRQHandler                      0x080001db   Thumb Code     0  startup_stm32f429_439xx.o(.text)
    CAN2_SCE_IRQHandler                      0x080001db   Thumb Code     0  startup_stm32f429_439xx.o(.text)
    CAN2_TX_IRQHandler                       0x080001db   Thumb Code     0  startup_stm32f429_439xx.o(.text)
    CRYP_IRQHandler                          0x080001db   Thumb Code     0  startup_stm32f429_439xx.o(.text)
    DCMI_IRQHandler                          0x080001db   Thumb Code     0  startup_stm32f429_439xx.o(.text)
    DMA1_Stream0_IRQHandler                  0x080001db   Thumb Code     0  startup_stm32f429_439xx.o(.text)
    DMA1_Stream1_IRQHandler                  0x080001db   Thumb Code     0  startup_stm32f429_439xx.o(.text)
    DMA1_Stream2_IRQHandler                  0x080001db   Thumb Code     0  startup_stm32f429_439xx.o(.text)
    DMA1_Stream3_IRQHandler                  0x080001db   Thumb Code     0  startup_stm32f429_439xx.o(.text)
    DMA1_Stream4_IRQHandler                  0x080001db   Thumb Code     0  startup_stm32f429_439xx.o(.text)
    DMA1_Stream5_IRQHandler                  0x080001db   Thumb Code     0  startup_stm32f429_439xx.o(.text)
    DMA1_Stream6_IRQHandler                  0x080001db   Thumb Code     0  startup_stm32f429_439xx.o(.text)
    DMA1_Stream7_IRQHandler                  0x080001db   Thumb Code     0  startup_stm32f429_439xx.o(.text)
    DMA2D_IRQHandler                         0x080001db   Thumb Code     0  startup_stm32f429_439xx.o(.text)
    DMA2_Stream0_IRQHandler                  0x080001db   Thumb Code     0  startup_stm32f429_439xx.o(.text)
    DMA2_Stream1_IRQHandler                  0x080001db   Thumb Code     0  startup_stm32f429_439xx.o(.text)
    DMA2_Stream2_IRQHandler                  0x080001db   Thumb Code     0  startup_stm32f429_439xx.o(.text)
    DMA2_Stream3_IRQHandler                  0x080001db   Thumb Code     0  startup_stm32f429_439xx.o(.text)
    DMA2_Stream4_IRQHandler                  0x080001db   Thumb Code     0  startup_stm32f429_439xx.o(.text)
    DMA2_Stream5_IRQHandler                  0x080001db   Thumb Code     0  startup_stm32f429_439xx.o(.text)
    DMA2_Stream6_IRQHandler                  0x080001db   Thumb Code     0  startup_stm32f429_439xx.o(.text)
    DMA2_Stream7_IRQHandler                  0x080001db   Thumb Code     0  startup_stm32f429_439xx.o(.text)
    ETH_IRQHandler                           0x080001db   Thumb Code     0  startup_stm32f429_439xx.o(.text)
    ETH_WKUP_IRQHandler                      0x080001db   Thumb Code     0  startup_stm32f429_439xx.o(.text)
    EXTI0_IRQHandler                         0x080001db   Thumb Code     0  startup_stm32f429_439xx.o(.text)
    EXTI15_10_IRQHandler                     0x080001db   Thumb Code     0  startup_stm32f429_439xx.o(.text)
    EXTI2_IRQHandler                         0x080001db   Thumb Code     0  startup_stm32f429_439xx.o(.text)
    EXTI3_IRQHandler                         0x080001db   Thumb Code     0  startup_stm32f429_439xx.o(.text)
    EXTI4_IRQHandler                         0x080001db   Thumb Code     0  startup_stm32f429_439xx.o(.text)
    EXTI9_5_IRQHandler                       0x080001db   Thumb Code     0  startup_stm32f429_439xx.o(.text)
    FLASH_IRQHandler                         0x080001db   Thumb Code     0  startup_stm32f429_439xx.o(.text)
    FMC_IRQHandler                           0x080001db   Thumb Code     0  startup_stm32f429_439xx.o(.text)
    FPU_IRQHandler                           0x080001db   Thumb Code     0  startup_stm32f429_439xx.o(.text)
    HASH_RNG_IRQHandler                      0x080001db   Thumb Code     0  startup_stm32f429_439xx.o(.text)
    I2C1_ER_IRQHandler                       0x080001db   Thumb Code     0  startup_stm32f429_439xx.o(.text)
    I2C1_EV_IRQHandler                       0x080001db   Thumb Code     0  startup_stm32f429_439xx.o(.text)
    I2C2_ER_IRQHandler                       0x080001db   Thumb Code     0  startup_stm32f429_439xx.o(.text)
    I2C2_EV_IRQHandler                       0x080001db   Thumb Code     0  startup_stm32f429_439xx.o(.text)
    I2C3_ER_IRQHandler                       0x080001db   Thumb Code     0  startup_stm32f429_439xx.o(.text)
    I2C3_EV_IRQHandler                       0x080001db   Thumb Code     0  startup_stm32f429_439xx.o(.text)
    LTDC_ER_IRQHandler                       0x080001db   Thumb Code     0  startup_stm32f429_439xx.o(.text)
    LTDC_IRQHandler                          0x080001db   Thumb Code     0  startup_stm32f429_439xx.o(.text)
    OTG_FS_IRQHandler                        0x080001db   Thumb Code     0  startup_stm32f429_439xx.o(.text)
    OTG_FS_WKUP_IRQHandler                   0x080001db   Thumb Code     0  startup_stm32f429_439xx.o(.text)
    OTG_HS_EP1_IN_IRQHandler                 0x080001db   Thumb Code     0  startup_stm32f429_439xx.o(.text)
    OTG_HS_EP1_OUT_IRQHandler                0x080001db   Thumb Code     0  startup_stm32f429_439xx.o(.text)
    OTG_HS_IRQHandler                        0x080001db   Thumb Code     0  startup_stm32f429_439xx.o(.text)
    OTG_HS_WKUP_IRQHandler                   0x080001db   Thumb Code     0  startup_stm32f429_439xx.o(.text)
    PVD_IRQHandler                           0x080001db   Thumb Code     0  startup_stm32f429_439xx.o(.text)
    RCC_IRQHandler                           0x080001db   Thumb Code     0  startup_stm32f429_439xx.o(.text)
    RTC_Alarm_IRQHandler                     0x080001db   Thumb Code     0  startup_stm32f429_439xx.o(.text)
    RTC_WKUP_IRQHandler                      0x080001db   Thumb Code     0  startup_stm32f429_439xx.o(.text)
    SAI1_IRQHandler                          0x080001db   Thumb Code     0  startup_stm32f429_439xx.o(.text)
    SDIO_IRQHandler                          0x080001db   Thumb Code     0  startup_stm32f429_439xx.o(.text)
    SPI1_IRQHandler                          0x080001db   Thumb Code     0  startup_stm32f429_439xx.o(.text)
    SPI2_IRQHandler                          0x080001db   Thumb Code     0  startup_stm32f429_439xx.o(.text)
    SPI3_IRQHandler                          0x080001db   Thumb Code     0  startup_stm32f429_439xx.o(.text)
    SPI4_IRQHandler                          0x080001db   Thumb Code     0  startup_stm32f429_439xx.o(.text)
    SPI5_IRQHandler                          0x080001db   Thumb Code     0  startup_stm32f429_439xx.o(.text)
    SPI6_IRQHandler                          0x080001db   Thumb Code     0  startup_stm32f429_439xx.o(.text)
    TAMP_STAMP_IRQHandler                    0x080001db   Thumb Code     0  startup_stm32f429_439xx.o(.text)
    TIM1_BRK_TIM9_IRQHandler                 0x080001db   Thumb Code     0  startup_stm32f429_439xx.o(.text)
    TIM1_CC_IRQHandler                       0x080001db   Thumb Code     0  startup_stm32f429_439xx.o(.text)
    TIM1_TRG_COM_TIM11_IRQHandler            0x080001db   Thumb Code     0  startup_stm32f429_439xx.o(.text)
    TIM1_UP_TIM10_IRQHandler                 0x080001db   Thumb Code     0  startup_stm32f429_439xx.o(.text)
    TIM2_IRQHandler                          0x080001db   Thumb Code     0  startup_stm32f429_439xx.o(.text)
    TIM3_IRQHandler                          0x080001db   Thumb Code     0  startup_stm32f429_439xx.o(.text)
    TIM4_IRQHandler                          0x080001db   Thumb Code     0  startup_stm32f429_439xx.o(.text)
    TIM5_IRQHandler                          0x080001db   Thumb Code     0  startup_stm32f429_439xx.o(.text)
    TIM6_DAC_IRQHandler                      0x080001db   Thumb Code     0  startup_stm32f429_439xx.o(.text)
    TIM7_IRQHandler                          0x080001db   Thumb Code     0  startup_stm32f429_439xx.o(.text)
    TIM8_BRK_TIM12_IRQHandler                0x080001db   Thumb Code     0  startup_stm32f429_439xx.o(.text)
    TIM8_CC_IRQHandler                       0x080001db   Thumb Code     0  startup_stm32f429_439xx.o(.text)
    TIM8_TRG_COM_TIM14_IRQHandler            0x080001db   Thumb Code     0  startup_stm32f429_439xx.o(.text)
    TIM8_UP_TIM13_IRQHandler                 0x080001db   Thumb Code     0  startup_stm32f429_439xx.o(.text)
    UART4_IRQHandler                         0x080001db   Thumb Code     0  startup_stm32f429_439xx.o(.text)
    UART5_IRQHandler                         0x080001db   Thumb Code     0  startup_stm32f429_439xx.o(.text)
    UART7_IRQHandler                         0x080001db   Thumb Code     0  startup_stm32f429_439xx.o(.text)
    UART8_IRQHandler                         0x080001db   Thumb Code     0  startup_stm32f429_439xx.o(.text)
    USART1_IRQHandler                        0x080001db   Thumb Code     0  startup_stm32f429_439xx.o(.text)
    USART2_IRQHandler                        0x080001db   Thumb Code     0  startup_stm32f429_439xx.o(.text)
    USART3_IRQHandler                        0x080001db   Thumb Code     0  startup_stm32f429_439xx.o(.text)
    USART6_IRQHandler                        0x080001db   Thumb Code     0  startup_stm32f429_439xx.o(.text)
    WWDG_IRQHandler                          0x080001db   Thumb Code     0  startup_stm32f429_439xx.o(.text)
    inv_init_maxmin                          0x080001e5   Thumb Code    78  fast_no_motion.o(.text)
    inv_fast_nomot_parameter                 0x08000233   Thumb Code   332  fast_no_motion.o(.text)
    inv_fast_nomot_parameter_3rd             0x0800037f   Thumb Code   190  fast_no_motion.o(.text)
    inv_fast_nomot_set_gyro_bias             0x0800043d   Thumb Code   232  fast_no_motion.o(.text)
    inv_set_fast_nomot_compass_threshold     0x08000525   Thumb Code     8  fast_no_motion.o(.text)
    int_set_fast_nomot_gyro_threshold        0x0800052d   Thumb Code     8  fast_no_motion.o(.text)
    inv_set_fast_nomot_accel_threshold       0x08000535   Thumb Code     8  fast_no_motion.o(.text)
    inv_get_fast_nomot_compass_param         0x0800053d   Thumb Code    18  fast_no_motion.o(.text)
    inv_get_fast_nomot_accel_param           0x0800054f   Thumb Code    18  fast_no_motion.o(.text)
    inv_fast_nomot_store_data                0x08000561   Thumb Code   140  fast_no_motion.o(.text)
    inv_fast_nomot_store_data_compass        0x080005ed   Thumb Code    74  fast_no_motion.o(.text)
    inv_fast_nomot_reset_data_compass        0x08000637   Thumb Code    36  fast_no_motion.o(.text)
    inv_fast_nomot_get_time_elaps            0x0800065b   Thumb Code     8  fast_no_motion.o(.text)
    inv_fast_nomot_parameter_compass         0x08000663   Thumb Code    22  fast_no_motion.o(.text)
    inv_get_right_shift_by_rounding          0x08000679   Thumb Code    76  fast_no_motion.o(.text)
    inv_reset_min_max_gyro_accel_statistics  0x080006c5   Thumb Code    38  fast_no_motion.o(.text)
    inv_record_max_moment_in_no_motion_gyro  0x080006eb   Thumb Code    32  fast_no_motion.o(.text)
    inv_record_max_moment_in_no_motion_accel 0x0800070b   Thumb Code    32  fast_no_motion.o(.text)
    inv_record_min_moment_in_motion_gyro     0x0800072b   Thumb Code    34  fast_no_motion.o(.text)
    inv_record_min_moment_in_motion_accel    0x0800074d   Thumb Code    34  fast_no_motion.o(.text)
    inv_detect_motion_by_gyro_accel          0x0800076f   Thumb Code   214  fast_no_motion.o(.text)
    inv_sensor_data_preprocess               0x08000845   Thumb Code   132  fast_no_motion.o(.text)
    inv_generate_fast_nomot                  0x080008c9   Thumb Code   504  fast_no_motion.o(.text)
    inv_set_default_number_of_samples        0x08000ac1   Thumb Code    62  fast_no_motion.o(.text)
    inv_init_fast_nomot                      0x08000aff   Thumb Code    78  fast_no_motion.o(.text)
    inv_start_fast_nomot                     0x08000b4d   Thumb Code    56  fast_no_motion.o(.text)
    inv_stop_fast_nomot                      0x08000b85   Thumb Code    20  fast_no_motion.o(.text)
    inv_enable_fast_nomot                    0x08000b99   Thumb Code    24  fast_no_motion.o(.text)
    inv_disable_fast_nomot                   0x08000bb1   Thumb Code    18  fast_no_motion.o(.text)
    inv_get_fnm_gyro_no_motion_param         0x08000bc3   Thumb Code     8  fast_no_motion.o(.text)
    inv_fnm_debug_print                      0x08000bcb   Thumb Code     2  fast_no_motion.o(.text)
    inv_filter_correction_angle              0x08000ca9   Thumb Code   374  fusion_9axis.o(.text)
    inv_perform_9x_fusion                    0x08000e1f   Thumb Code   894  fusion_9axis.o(.text)
    inv_process_9x_sensor_fusion_cb          0x0800119d   Thumb Code   120  fusion_9axis.o(.text)
    inv_init_9x_fusion                       0x08001215   Thumb Code    52  fusion_9axis.o(.text)
    inv_9x_fusion_set_mag_fb                 0x08001249   Thumb Code    10  fusion_9axis.o(.text)
    inv_9x_fusion_enable_jitter_reduction    0x08001253   Thumb Code    10  fusion_9axis.o(.text)
    inv_9x_fusion_use_timestamps             0x0800125d   Thumb Code    10  fusion_9axis.o(.text)
    inv_start_9x_sensor_fusion               0x08001267   Thumb Code    14  fusion_9axis.o(.text)
    inv_stop_9x_sensor_fusion                0x08001275   Thumb Code     8  fusion_9axis.o(.text)
    inv_enable_9x_sensor_fusion              0x0800127d   Thumb Code    30  fusion_9axis.o(.text)
    inv_disable_9x_sensor_fusion             0x0800129b   Thumb Code     8  fusion_9axis.o(.text)
    inv_init_gyro_ts                         0x0800162d   Thumb Code    46  gyro_tc.o(.text)
    inv_set_gtc_max_temp                     0x0800165b   Thumb Code    10  gyro_tc.o(.text)
    inv_set_gtc_min_temp                     0x08001665   Thumb Code    10  gyro_tc.o(.text)
    inv_set_gtc_min_diff                     0x0800166f   Thumb Code    10  gyro_tc.o(.text)
    inv_get_gyro_ts                          0x08001679   Thumb Code    44  gyro_tc.o(.text)
    inv_set_gyro_ts                          0x080016a5   Thumb Code     4  gyro_tc.o(.text)
    inv_set_gtc_order                        0x080016a9   Thumb Code    16  gyro_tc.o(.text)
    inv_print_gtc_data                       0x080016b9   Thumb Code    62  gyro_tc.o(.text)
    inv_start_gyro_tc                        0x080016f7   Thumb Code    10  gyro_tc.o(.text)
    inv_stop_gyro_tc                         0x08001701   Thumb Code     6  gyro_tc.o(.text)
    inv_enable_gyro_tc                       0x08001707   Thumb Code    48  gyro_tc.o(.text)
    inv_disable_gyro_tc                      0x08001737   Thumb Code    40  gyro_tc.o(.text)
    inv_generate_gyro_quaternion             0x08001b29   Thumb Code   348  quaternion_supervisor.o(.text)
    inv_set_quaternion                       0x08001e3b   Thumb Code    36  quaternion_supervisor.o(.text)
    inv_generate_accel_gyro_quaternion       0x08001e5f   Thumb Code   468  quaternion_supervisor.o(.text)
    inv_stop_quaternion                      0x08002077   Thumb Code     6  quaternion_supervisor.o(.text)
    inv_init_quaternion                      0x0800207d   Thumb Code    34  quaternion_supervisor.o(.text)
    inv_start_quaternion                     0x0800209f   Thumb Code    34  quaternion_supervisor.o(.text)
    inv_enable_quaternion                    0x080020c1   Thumb Code    24  quaternion_supervisor.o(.text)
    inv_disable_quaternion                   0x080020d9   Thumb Code    20  quaternion_supervisor.o(.text)
    inv_set_magnetic_disturbance             0x08002105   Thumb Code    16  mag_disturb.o(.text)
    inv_init_magnetic_disturbance            0x08002115   Thumb Code    68  mag_disturb.o(.text)
    MagDisturbSetDisturbance                 0x08002159   Thumb Code   108  mag_disturb.o(.text)
    MagDisturbCheckSettling                  0x080021c5   Thumb Code    68  mag_disturb.o(.text)
    ComputeAngleVelocity                     0x08002209   Thumb Code    94  mag_disturb.o(.text)
    inv_disable_dip_tracking                 0x08002267   Thumb Code    10  mag_disturb.o(.text)
    Mag3ofNormalizedLong                     0x08002271   Thumb Code    60  mag_disturb.o(.text)
    inv_track_dip_angle                      0x080022ad   Thumb Code   126  mag_disturb.o(.text)
    inv_check_magnetic_disturbance           0x0800232b   Thumb Code   758  mag_disturb.o(.text)
    inv_magnetic_disturbance_process         0x08002621   Thumb Code    50  mag_disturb.o(.text)
    inv_start_magnetic_disturbance           0x08002653   Thumb Code    14  mag_disturb.o(.text)
    inv_stop_magnetic_disturbance            0x08002661   Thumb Code     8  mag_disturb.o(.text)
    inv_enable_magnetic_disturbance          0x08002669   Thumb Code    40  mag_disturb.o(.text)
    inv_disable_magnetic_disturbance         0x08002691   Thumb Code    22  mag_disturb.o(.text)
    inv_enable_dip_tracking                  0x080026a7   Thumb Code    14  mag_disturb.o(.text)
    inv_get_magnetic_disturbance_state       0x080026b5   Thumb Code     8  mag_disturb.o(.text)
    __aeabi_ldivmod                          0x080026c5   Thumb Code    98  ldiv.o(.text)
    __aeabi_llsl                             0x08002727   Thumb Code    30  llshl.o(.text)
    _ll_shift_l                              0x08002727   Thumb Code     0  llshl.o(.text)
    __aeabi_lasr                             0x08002745   Thumb Code    36  llsshr.o(.text)
    _ll_sshift_r                             0x08002745   Thumb Code     0  llsshr.o(.text)
    ___aeabi_memcpy4$move                    0x08002769   Thumb Code     0  memmovea.o(.text)
    ___aeabi_memcpy8$move                    0x08002769   Thumb Code     0  memmovea.o(.text)
    __aeabi_memcpy                           0x08002769   Thumb Code    64  memmovea.o(.text)
    __aeabi_memmove                          0x08002769   Thumb Code     0  memmovea.o(.text)
    __aeabi_memmove4                         0x08002769   Thumb Code     0  memmovea.o(.text)
    __aeabi_memmove8                         0x08002769   Thumb Code     0  memmovea.o(.text)
    __aeabi_memset                           0x080027a9   Thumb Code    14  memseta.o(.text)
    __aeabi_memset4                          0x080027a9   Thumb Code     0  memseta.o(.text)
    __aeabi_memset8                          0x080027a9   Thumb Code     0  memseta.o(.text)
    __aeabi_memclr                           0x080027b7   Thumb Code     4  memseta.o(.text)
    __aeabi_memclr4                          0x080027b7   Thumb Code     0  memseta.o(.text)
    __aeabi_memclr8                          0x080027b7   Thumb Code     0  memseta.o(.text)
    _memset$wrapper                          0x080027bb   Thumb Code    18  memseta.o(.text)
    memcmp                                   0x080027cd   Thumb Code    26  memcmp.o(.text)
    __aeabi_dadd                             0x080027e7   Thumb Code   322  dadd.o(.text)
    __aeabi_dsub                             0x08002929   Thumb Code     6  dadd.o(.text)
    __aeabi_drsub                            0x0800292f   Thumb Code     6  dadd.o(.text)
    __aeabi_dmul                             0x08002935   Thumb Code   228  dmul.o(.text)
    __aeabi_ddiv                             0x08002a19   Thumb Code   222  ddiv.o(.text)
    __aeabi_l2f                              0x08002af7   Thumb Code    44  ffltl.o(.text)
    __aeabi_i2d                              0x08002b23   Thumb Code    34  dflti.o(.text)
    __aeabi_f2lz                             0x08002b45   Thumb Code    66  ffixl.o(.text)
    __aeabi_d2iz                             0x08002b87   Thumb Code    62  dfixi.o(.text)
    __aeabi_f2d                              0x08002bc5   Thumb Code    38  f2d.o(.text)
    __aeabi_cdrcmple                         0x08002bed   Thumb Code    48  cdrcmple.o(.text)
    __aeabi_d2f                              0x08002c1d   Thumb Code    56  d2f.o(.text)
    __aeabi_uidiv                            0x08002c55   Thumb Code     0  uidiv.o(.text)
    __aeabi_uidivmod                         0x08002c55   Thumb Code    44  uidiv.o(.text)
    __aeabi_uldivmod                         0x08002c81   Thumb Code    98  uldiv.o(.text)
    __aeabi_llsr                             0x08002ce3   Thumb Code    32  llushr.o(.text)
    _ll_ushift_r                             0x08002ce3   Thumb Code     0  llushr.o(.text)
    __I$use$fp                               0x08002d03   Thumb Code     0  iusefp.o(.text)
    _float_round                             0x08002d03   Thumb Code    18  fepilogue.o(.text)
    _float_epilogue                          0x08002d15   Thumb Code    92  fepilogue.o(.text)
    _double_round                            0x08002d71   Thumb Code    30  depilogue.o(.text)
    _double_epilogue                         0x08002d8f   Thumb Code   156  depilogue.o(.text)
    __aeabi_d2ulz                            0x08002e2b   Thumb Code    48  dfixul.o(.text)
    __scatterload                            0x08002e5d   Thumb Code    28  init.o(.text)
    __scatterload_rt2                        0x08002e5d   Thumb Code     0  init.o(.text)
    BusFault_Handler                         0x08002e81   Thumb Code     2  stm32f4xx_it.o(i.BusFault_Handler)
    DebugMon_Handler                         0x08002e83   Thumb Code     2  stm32f4xx_it.o(i.DebugMon_Handler)
    Debug_USART_Config                       0x08002e85   Thumb Code   142  bsp_debug_usart.o(i.Debug_USART_Config)
    Delay_ms                                 0x08002f1d   Thumb Code    16  bsp_systick.o(i.Delay_ms)
    EXTI1_IRQHandler                         0x08002f31   Thumb Code    28  stm32f4xx_it.o(i.EXTI1_IRQHandler)
    EXTI_ClearITPendingBit                   0x08002f4d   Thumb Code     6  stm32f4xx_exti.o(i.EXTI_ClearITPendingBit)
    EXTI_GetITStatus                         0x08002f59   Thumb Code    16  stm32f4xx_exti.o(i.EXTI_GetITStatus)
    EXTI_Init                                0x08002f6d   Thumb Code   110  stm32f4xx_exti.o(i.EXTI_Init)
    EXTI_MPU_Config                          0x08002fe1   Thumb Code    78  bsp_mpu_exti.o(i.EXTI_MPU_Config)
    GPIO_Init                                0x08003035   Thumb Code   124  stm32f4xx_gpio.o(i.GPIO_Init)
    GPIO_PinAFConfig                         0x080030b1   Thumb Code    32  stm32f4xx_gpio.o(i.GPIO_PinAFConfig)
    GPIO_ResetBits                           0x080030d1   Thumb Code     4  stm32f4xx_gpio.o(i.GPIO_ResetBits)
    Get_I2C_Retry                            0x080030d5   Thumb Code     6  i2c.o(i.Get_I2C_Retry)
    HardFault_Handler                        0x080030e1   Thumb Code     2  stm32f4xx_it.o(i.HardFault_Handler)
    I2C_AcknowledgeConfig                    0x080030e3   Thumb Code    24  stm32f4xx_i2c.o(i.I2C_AcknowledgeConfig)
    I2C_ClearFlag                            0x080030fb   Thumb Code     6  stm32f4xx_i2c.o(i.I2C_ClearFlag)
    I2C_Cmd                                  0x08003101   Thumb Code    24  stm32f4xx_i2c.o(i.I2C_Cmd)
    I2C_DeInit                               0x08003119   Thumb Code    88  stm32f4xx_i2c.o(i.I2C_DeInit)
    I2C_GenerateSTART                        0x0800317d   Thumb Code    24  stm32f4xx_i2c.o(i.I2C_GenerateSTART)
    I2C_GenerateSTOP                         0x08003195   Thumb Code    24  stm32f4xx_i2c.o(i.I2C_GenerateSTOP)
    I2C_GetFlagStatus                        0x080031ad   Thumb Code    50  stm32f4xx_i2c.o(i.I2C_GetFlagStatus)
    I2C_Init                                 0x080031e1   Thumb Code   178  stm32f4xx_i2c.o(i.I2C_Init)
    I2C_ReadRegister                         0x0800329d   Thumb Code    16  stm32f4xx_i2c.o(i.I2C_ReadRegister)
    I2C_ReceiveData                          0x080032ad   Thumb Code     6  stm32f4xx_i2c.o(i.I2C_ReceiveData)
    I2C_Send7bitAddress                      0x080032b3   Thumb Code    18  stm32f4xx_i2c.o(i.I2C_Send7bitAddress)
    I2C_SendData                             0x080032c5   Thumb Code     4  stm32f4xx_i2c.o(i.I2C_SendData)
    I2C_SoftwareResetCmd                     0x080032c9   Thumb Code    24  stm32f4xx_i2c.o(i.I2C_SoftwareResetCmd)
    I2cMaster_Init                           0x0800337d   Thumb Code   150  i2c.o(i.I2cMaster_Init)
    LED_GPIO_Config                          0x08003421   Thumb Code   106  bsp_led.o(i.LED_GPIO_Config)
    MemManage_Handler                        0x08003495   Thumb Code     2  stm32f4xx_it.o(i.MemManage_Handler)
    NMI_Handler                              0x08003497   Thumb Code     2  stm32f4xx_it.o(i.NMI_Handler)
    NVIC_Init                                0x080034c1   Thumb Code    98  misc.o(i.NVIC_Init)
    NVIC_PriorityGroupConfig                 0x08003529   Thumb Code    10  misc.o(i.NVIC_PriorityGroupConfig)
    PendSV_Handler                           0x0800353d   Thumb Code     2  stm32f4xx_it.o(i.PendSV_Handler)
    RCC_AHB1PeriphClockCmd                   0x08003541   Thumb Code    22  stm32f4xx_rcc.o(i.RCC_AHB1PeriphClockCmd)
    RCC_APB1PeriphClockCmd                   0x0800355d   Thumb Code    22  stm32f4xx_rcc.o(i.RCC_APB1PeriphClockCmd)
    RCC_APB1PeriphResetCmd                   0x08003579   Thumb Code    22  stm32f4xx_rcc.o(i.RCC_APB1PeriphResetCmd)
    RCC_APB2PeriphClockCmd                   0x08003595   Thumb Code    22  stm32f4xx_rcc.o(i.RCC_APB2PeriphClockCmd)
    RCC_GetClocksFreq                        0x080035b1   Thumb Code   148  stm32f4xx_rcc.o(i.RCC_GetClocksFreq)
    SVC_Handler                              0x08003ba5   Thumb Code     2  stm32f4xx_it.o(i.SVC_Handler)
    SYSCFG_EXTILineConfig                    0x08003ba9   Thumb Code    38  stm32f4xx_syscfg.o(i.SYSCFG_EXTILineConfig)
    Sensors_I2C_ReadRegister                 0x08003bd5   Thumb Code    62  i2c.o(i.Sensors_I2C_ReadRegister)
    Sensors_I2C_WriteRegister                0x08003c13   Thumb Code    62  i2c.o(i.Sensors_I2C_WriteRegister)
    SysTick_Handler                          0x08003d25   Thumb Code    14  stm32f4xx_it.o(i.SysTick_Handler)
    SysTick_Init                             0x08003d35   Thumb Code    54  bsp_systick.o(i.SysTick_Init)
    SystemInit                               0x08003d75   Thumb Code    74  system_stm32f4xx.o(i.SystemInit)
    TimeStamp_Increment                      0x08003dd1   Thumb Code    10  bsp_systick.o(i.TimeStamp_Increment)
    TimingDelay_Decrement                    0x08003de1   Thumb Code    16  bsp_systick.o(i.TimingDelay_Decrement)
    USART_ClearFlag                          0x08003df5   Thumb Code     8  stm32f4xx_usart.o(i.USART_ClearFlag)
    USART_Cmd                                0x08003dfd   Thumb Code    24  stm32f4xx_usart.o(i.USART_Cmd)
    USART_GetFlagStatus                      0x08003e15   Thumb Code    14  stm32f4xx_usart.o(i.USART_GetFlagStatus)
    USART_Init                               0x08003e25   Thumb Code   180  stm32f4xx_usart.o(i.USART_Init)
    USART_ReceiveData                        0x08003ee1   Thumb Code     8  stm32f4xx_usart.o(i.USART_ReceiveData)
    USART_SendData                           0x08003ee9   Thumb Code     8  stm32f4xx_usart.o(i.USART_SendData)
    UsageFault_Handler                       0x08003ef1   Thumb Code     2  stm32f4xx_it.o(i.UsageFault_Handler)
    _MLPrintLog                              0x08003ef3   Thumb Code   154  log_stm32.o(i._MLPrintLog)
    __0printf                                0x08003f8d   Thumb Code    22  printfa.o(i.__0printf)
    __1printf                                0x08003f8d   Thumb Code     0  printfa.o(i.__0printf)
    __2printf                                0x08003f8d   Thumb Code     0  printfa.o(i.__0printf)
    __c89printf                              0x08003f8d   Thumb Code     0  printfa.o(i.__0printf)
    printf                                   0x08003f8d   Thumb Code     0  printfa.o(i.__0printf)
    __0sprintf                               0x08003fad   Thumb Code    34  printfa.o(i.__0sprintf)
    __1sprintf                               0x08003fad   Thumb Code     0  printfa.o(i.__0sprintf)
    __2sprintf                               0x08003fad   Thumb Code     0  printfa.o(i.__0sprintf)
    __c89sprintf                             0x08003fad   Thumb Code     0  printfa.o(i.__0sprintf)
    sprintf                                  0x08003fad   Thumb Code     0  printfa.o(i.__0sprintf)
    __0vsprintf                              0x08003fd5   Thumb Code    30  printfa.o(i.__0vsprintf)
    __1vsprintf                              0x08003fd5   Thumb Code     0  printfa.o(i.__0vsprintf)
    __2vsprintf                              0x08003fd5   Thumb Code     0  printfa.o(i.__0vsprintf)
    __c89vsprintf                            0x08003fd5   Thumb Code     0  printfa.o(i.__0vsprintf)
    vsprintf                                 0x08003fd5   Thumb Code     0  printfa.o(i.__0vsprintf)
    __ARM_fpclassifyf                        0x08003ff9   Thumb Code    38  fpclassifyf.o(i.__ARM_fpclassifyf)
    __hardfp_acosf                           0x08004021   Thumb Code   234  acosf.o(i.__hardfp_acosf)
    __hardfp_atan2f                          0x08004139   Thumb Code   502  atan2f.o(i.__hardfp_atan2f)
    __hardfp_cosf                            0x08004389   Thumb Code   280  cosf.o(i.__hardfp_cosf)
    __hardfp_fabs                            0x080044d9   Thumb Code    20  fabs.o(i.__hardfp_fabs)
    __hardfp_sinf                            0x080044ed   Thumb Code   344  sinf.o(i.__hardfp_sinf)
    __hardfp_sqrtf                           0x0800467d   Thumb Code    58  sqrtf.o(i.__hardfp_sqrtf)
    __mathlib_flt_infnan                     0x080046b7   Thumb Code     6  funder.o(i.__mathlib_flt_infnan)
    __mathlib_flt_infnan2                    0x080046bd   Thumb Code     6  funder.o(i.__mathlib_flt_infnan2)
    __mathlib_flt_invalid                    0x080046c5   Thumb Code    10  funder.o(i.__mathlib_flt_invalid)
    __mathlib_flt_underflow                  0x080046d5   Thumb Code    10  funder.o(i.__mathlib_flt_underflow)
    __mathlib_rredf2                         0x080046e5   Thumb Code   316  rredf.o(i.__mathlib_rredf2)
    __scatterload_copy                       0x08004869   Thumb Code    14  handlers.o(i.__scatterload_copy)
    __scatterload_null                       0x08004877   Thumb Code     2  handlers.o(i.__scatterload_null)
    __scatterload_zeroinit                   0x08004879   Thumb Code    14  handlers.o(i.__scatterload_zeroinit)
    __set_errno                              0x08004889   Thumb Code     6  errno.o(i.__set_errno)
    dmp_enable_6x_lp_quat                    0x080052b9   Thumb Code    60  inv_mpu_dmp_motion_driver.o(i.dmp_enable_6x_lp_quat)
    dmp_enable_feature                       0x080052f5   Thumb Code   484  inv_mpu_dmp_motion_driver.o(i.dmp_enable_feature)
    dmp_enable_gyro_cal                      0x080054e1   Thumb Code    62  inv_mpu_dmp_motion_driver.o(i.dmp_enable_gyro_cal)
    dmp_enable_lp_quat                       0x08005539   Thumb Code    60  inv_mpu_dmp_motion_driver.o(i.dmp_enable_lp_quat)
    dmp_get_fifo_rate                        0x08005575   Thumb Code    10  inv_mpu_dmp_motion_driver.o(i.dmp_get_fifo_rate)
    dmp_get_pedometer_step_count             0x08005585   Thumb Code    68  inv_mpu_dmp_motion_driver.o(i.dmp_get_pedometer_step_count)
    dmp_get_pedometer_walk_time              0x080055c9   Thumb Code    74  inv_mpu_dmp_motion_driver.o(i.dmp_get_pedometer_walk_time)
    dmp_load_motion_driver_firmware          0x08005615   Thumb Code    16  inv_mpu_dmp_motion_driver.o(i.dmp_load_motion_driver_firmware)
    dmp_read_fifo                            0x08005629   Thumb Code   384  inv_mpu_dmp_motion_driver.o(i.dmp_read_fifo)
    dmp_register_android_orient_cb           0x080057ad   Thumb Code     8  inv_mpu_dmp_motion_driver.o(i.dmp_register_android_orient_cb)
    dmp_register_tap_cb                      0x080057b9   Thumb Code     8  inv_mpu_dmp_motion_driver.o(i.dmp_register_tap_cb)
    dmp_set_fifo_rate                        0x080057c5   Thumb Code    96  inv_mpu_dmp_motion_driver.o(i.dmp_set_fifo_rate)
    dmp_set_interrupt_mode                   0x08005835   Thumb Code    76  inv_mpu_dmp_motion_driver.o(i.dmp_set_interrupt_mode)
    dmp_set_orientation                      0x08005899   Thumb Code   260  inv_mpu_dmp_motion_driver.o(i.dmp_set_orientation)
    dmp_set_pedometer_step_count             0x080059b1   Thumb Code    38  inv_mpu_dmp_motion_driver.o(i.dmp_set_pedometer_step_count)
    dmp_set_pedometer_walk_time              0x080059d7   Thumb Code    44  inv_mpu_dmp_motion_driver.o(i.dmp_set_pedometer_walk_time)
    dmp_set_shake_reject_thresh              0x08005a03   Thumb Code    48  inv_mpu_dmp_motion_driver.o(i.dmp_set_shake_reject_thresh)
    dmp_set_shake_reject_time                0x08005a33   Thumb Code    32  inv_mpu_dmp_motion_driver.o(i.dmp_set_shake_reject_time)
    dmp_set_shake_reject_timeout             0x08005a53   Thumb Code    32  inv_mpu_dmp_motion_driver.o(i.dmp_set_shake_reject_timeout)
    dmp_set_tap_axes                         0x08005a73   Thumb Code    56  inv_mpu_dmp_motion_driver.o(i.dmp_set_tap_axes)
    dmp_set_tap_count                        0x08005aab   Thumb Code    34  inv_mpu_dmp_motion_driver.o(i.dmp_set_tap_count)
    dmp_set_tap_thresh                       0x08005acd   Thumb Code   376  inv_mpu_dmp_motion_driver.o(i.dmp_set_tap_thresh)
    dmp_set_tap_time                         0x08005c69   Thumb Code    32  inv_mpu_dmp_motion_driver.o(i.dmp_set_tap_time)
    dmp_set_tap_time_multi                   0x08005c89   Thumb Code    32  inv_mpu_dmp_motion_driver.o(i.dmp_set_tap_time_multi)
    eMPL_send_data                           0x08005ca9   Thumb Code   386  log_stm32.o(i.eMPL_send_data)
    eMPL_send_quat                           0x08005e2b   Thumb Code   182  log_stm32.o(i.eMPL_send_quat)
    fputc                                    0x08005ee1   Thumb Code    30  bsp_debug_usart.o(i.fputc)
    fputcc                                   0x08005f05   Thumb Code    30  log_stm32.o(i.fputcc)
    get_tick_count                           0x080063b9   Thumb Code    10  bsp_systick.o(i.get_tick_count)
    gyro_data_ready_cb                       0x080063c9   Thumb Code     8  main.o(i.gyro_data_ready_cb)
    inv_accel_was_turned_off                 0x08006821   Thumb Code     8  data_builder.o(i.inv_accel_was_turned_off)
    inv_apply_calibration                    0x0800682d   Thumb Code   106  data_builder.o(i.inv_apply_calibration)
    inv_build_accel                          0x08006899   Thumb Code    96  data_builder.o(i.inv_build_accel)
    inv_build_gyro                           0x08006901   Thumb Code    42  data_builder.o(i.inv_build_gyro)
    inv_build_quat                           0x08006931   Thumb Code    42  data_builder.o(i.inv_build_quat)
    inv_build_temp                           0x08006961   Thumb Code    22  data_builder.o(i.inv_build_temp)
    inv_compass_angle                        0x0800697d   Thumb Code   162  ml_math_func.o(i.inv_compass_angle)
    inv_compass_was_turned_off               0x08006a29   Thumb Code    10  data_builder.o(i.inv_compass_was_turned_off)
    inv_convert_to_body_with_scale           0x08006a39   Thumb Code    92  ml_math_func.o(i.inv_convert_to_body_with_scale)
    inv_disable_compass_soft_iron_matrix     0x08006add   Thumb Code    10  data_builder.o(i.inv_disable_compass_soft_iron_matrix)
    inv_enable_eMPL_outputs                  0x08006aed   Thumb Code    22  empl_outputs.o(i.inv_enable_eMPL_outputs)
    inv_enable_results_holder                0x08006b09   Thumb Code    22  results_holder.o(i.inv_enable_results_holder)
    inv_execute_mpl_start_notification       0x08006b25   Thumb Code    36  start_manager.o(i.inv_execute_mpl_start_notification)
    inv_execute_on_data                      0x08006b4d   Thumb Code   118  data_builder.o(i.inv_execute_on_data)
    inv_generate_results                     0x08006c79   Thumb Code    10  results_holder.o(i.inv_generate_results)
    inv_get_6axis_quaternion                 0x08006c89   Thumb Code    22  results_holder.o(i.inv_get_6axis_quaternion)
    inv_get_acc_state                        0x08006ca5   Thumb Code     6  results_holder.o(i.inv_get_acc_state)
    inv_get_accel_accuracy                   0x08006cb1   Thumb Code     6  data_builder.o(i.inv_get_accel_accuracy)
    inv_get_accel_on                         0x08006cbd   Thumb Code    12  data_builder.o(i.inv_get_accel_on)
    inv_get_accel_set                        0x08006ccd   Thumb Code    42  data_builder.o(i.inv_get_accel_set)
    inv_get_compass_correction               0x08006cfd   Thumb Code    18  results_holder.o(i.inv_get_compass_correction)
    inv_get_compass_on                       0x08006d15   Thumb Code    12  data_builder.o(i.inv_get_compass_on)
    inv_get_gravity                          0x08006d25   Thumb Code    80  results_holder.o(i.inv_get_gravity)
    inv_get_gyro                             0x08006d79   Thumb Code    16  data_builder.o(i.inv_get_gyro)
    inv_get_gyro_accuracy                    0x08006d8d   Thumb Code     6  data_builder.o(i.inv_get_gyro_accuracy)
    inv_get_gyro_bias                        0x08006d99   Thumb Code    34  data_builder.o(i.inv_get_gyro_bias)
    inv_get_gyro_bias_tc_set                 0x08006dc5   Thumb Code    24  data_builder.o(i.inv_get_gyro_bias_tc_set)
    inv_get_gyro_on                          0x08006de1   Thumb Code    10  data_builder.o(i.inv_get_gyro_on)
    inv_get_gyro_set                         0x08006df1   Thumb Code    40  data_builder.o(i.inv_get_gyro_set)
    inv_get_gyro_sum_of_sqr                  0x08006e1d   Thumb Code    24  ml_math_func.o(i.inv_get_gyro_sum_of_sqr)
    inv_get_last_timestamp                   0x08006e35   Thumb Code    66  data_builder.o(i.inv_get_last_timestamp)
    inv_get_linear_accel                     0x08006e7d   Thumb Code    62  results_holder.o(i.inv_get_linear_accel)
    inv_get_local_field                      0x08006ebd   Thumb Code    16  results_holder.o(i.inv_get_local_field)
    inv_get_mag_accuracy                     0x08006ed1   Thumb Code    22  data_builder.o(i.inv_get_mag_accuracy)
    inv_get_message_level_0                  0x08006ef1   Thumb Code    16  message_layer.o(i.inv_get_message_level_0)
    inv_get_motion_state                     0x08006f05   Thumb Code    12  results_holder.o(i.inv_get_motion_state)
    inv_get_quaternion                       0x08006f15   Thumb Code    44  results_holder.o(i.inv_get_quaternion)
    inv_get_quaternion_set                   0x08006f45   Thumb Code    64  results_holder.o(i.inv_get_quaternion_set)
    inv_get_sensor_type_accel                0x08006f85   Thumb Code    22  empl_outputs.o(i.inv_get_sensor_type_accel)
    inv_get_sensor_type_euler                0x08006fa1   Thumb Code   438  empl_outputs.o(i.inv_get_sensor_type_euler)
    inv_get_sensor_type_gravity              0x0800717d   Thumb Code    88  hal_outputs.o(i.inv_get_sensor_type_gravity)
    inv_get_sensor_type_gyro                 0x080071dd   Thumb Code    22  empl_outputs.o(i.inv_get_sensor_type_gyro)
    inv_get_sensor_type_heading              0x080071f9   Thumb Code   146  empl_outputs.o(i.inv_get_sensor_type_heading)
    inv_get_sensor_type_linear_acceleration  0x080072a1   Thumb Code   106  hal_outputs.o(i.inv_get_sensor_type_linear_acceleration)
    inv_get_sensor_type_quat                 0x08007311   Thumb Code    22  empl_outputs.o(i.inv_get_sensor_type_quat)
    inv_get_sensor_type_rot_mat              0x0800732d   Thumb Code    28  empl_outputs.o(i.inv_get_sensor_type_rot_mat)
    inv_got_compass_bias                     0x0800734d   Thumb Code     6  results_holder.o(i.inv_got_compass_bias)
    inv_gyro_was_turned_off                  0x08007359   Thumb Code     8  data_builder.o(i.inv_gyro_was_turned_off)
    inv_init_data_builder                    0x08007365   Thumb Code    44  data_builder.o(i.inv_init_data_builder)
    inv_init_mpl                             0x080073b5   Thumb Code    94  mpl.o(i.inv_init_mpl)
    inv_init_results_holder                  0x08007439   Thumb Code    40  results_holder.o(i.inv_init_results_holder)
    inv_init_start_manager                   0x08007469   Thumb Code    14  start_manager.o(i.inv_init_start_manager)
    inv_init_storage_manager                 0x0800747d   Thumb Code    20  storage_manager.o(i.inv_init_storage_manager)
    inv_orientation_matrix_to_scalar         0x08007495   Thumb Code    36  ml_math_func.o(i.inv_orientation_matrix_to_scalar)
    inv_q29_mult                             0x080074b9   Thumb Code    12  ml_math_func.o(i.inv_q29_mult)
    inv_q30_mult                             0x080074c5   Thumb Code    12  ml_math_func.o(i.inv_q30_mult)
    inv_q_add                                0x080074d1   Thumb Code    36  ml_math_func.o(i.inv_q_add)
    inv_q_addf                               0x080074f5   Thumb Code    66  ml_math_func.o(i.inv_q_addf)
    inv_q_invert                             0x08007537   Thumb Code    24  ml_math_func.o(i.inv_q_invert)
    inv_q_invertf                            0x0800754f   Thumb Code    46  ml_math_func.o(i.inv_q_invertf)
    inv_q_mult                               0x0800757d   Thumb Code   176  ml_math_func.o(i.inv_q_mult)
    inv_q_multf                              0x0800762d   Thumb Code   210  ml_math_func.o(i.inv_q_multf)
    inv_q_norm4                              0x08007701   Thumb Code   126  ml_math_func.o(i.inv_q_norm4)
    inv_q_normalizef                         0x08007785   Thumb Code   174  ml_math_func.o(i.inv_q_normalizef)
    inv_q_rotate                             0x08007839   Thumb Code    62  ml_math_func.o(i.inv_q_rotate)
    inv_quaternion_sensor_was_turned_off     0x08007879   Thumb Code    10  data_builder.o(i.inv_quaternion_sensor_was_turned_off)
    inv_quaternion_to_rotation               0x08007889   Thumb Code   218  ml_math_func.o(i.inv_quaternion_to_rotation)
    inv_register_data_cb                     0x08007965   Thumb Code   164  data_builder.o(i.inv_register_data_cb)
    inv_register_load_store                  0x08007a15   Thumb Code   104  storage_manager.o(i.inv_register_load_store)
    inv_register_mpl_start_notification      0x08007a81   Thumb Code    28  start_manager.o(i.inv_register_mpl_start_notification)
    inv_reset_compass_soft_iron_matrix       0x08007aa1   Thumb Code    68  data_builder.o(i.inv_reset_compass_soft_iron_matrix)
    inv_set_accel_bias                       0x08007b39   Thumb Code    70  data_builder.o(i.inv_set_accel_bias)
    inv_set_accel_orientation_and_scale      0x08007b85   Thumb Code    10  data_builder.o(i.inv_set_accel_orientation_and_scale)
    inv_set_accel_sample_rate                0x08007b95   Thumb Code    34  data_builder.o(i.inv_set_accel_sample_rate)
    inv_set_compass_bias_found               0x08007bc1   Thumb Code     6  results_holder.o(i.inv_set_compass_bias_found)
    inv_set_compass_correction               0x08007bcd   Thumb Code    30  results_holder.o(i.inv_set_compass_correction)
    inv_set_compass_disturbance              0x08007bf1   Thumb Code     8  data_builder.o(i.inv_set_compass_disturbance)
    inv_set_gyro_bias                        0x08007c91   Thumb Code    90  data_builder.o(i.inv_set_gyro_bias)
    inv_set_gyro_orientation_and_scale       0x08007cf1   Thumb Code    10  data_builder.o(i.inv_set_gyro_orientation_and_scale)
    inv_set_gyro_sample_rate                 0x08007d01   Thumb Code    30  data_builder.o(i.inv_set_gyro_sample_rate)
    inv_set_message                          0x08007d29   Thumb Code    16  message_layer.o(i.inv_set_message)
    inv_set_motion_state                     0x08007d3d   Thumb Code    52  results_holder.o(i.inv_set_motion_state)
    inv_set_quat_sample_rate                 0x08007d75   Thumb Code    20  data_builder.o(i.inv_set_quat_sample_rate)
    inv_start_mpl                            0x08007d9d   Thumb Code    34  mpl.o(i.inv_start_mpl)
    inv_start_results_holder                 0x08007de5   Thumb Code    18  results_holder.o(i.inv_start_results_holder)
    inv_store_gaming_quaternion              0x08007dfd   Thumb Code    30  results_holder.o(i.inv_store_gaming_quaternion)
    inv_unregister_data_cb                   0x08007e21   Thumb Code    86  data_builder.o(i.inv_unregister_data_cb)
    inv_unregister_mpl_start_notification    0x08007e7d   Thumb Code    70  start_manager.o(i.inv_unregister_mpl_start_notification)
    main                                     0x08007ec9   Thumb Code   764  main.o(i.main)
    mpu_configure_fifo                       0x0800829d   Thumb Code    90  inv_mpu.o(i.mpu_configure_fifo)
    mpu_get_accel_fsr                        0x080082fd   Thumb Code    62  inv_mpu.o(i.mpu_get_accel_fsr)
    mpu_get_accel_reg                        0x08008341   Thumb Code    98  inv_mpu.o(i.mpu_get_accel_reg)
    mpu_get_accel_sens                       0x080083a9   Thumb Code    70  inv_mpu.o(i.mpu_get_accel_sens)
    mpu_get_fifo_config                      0x080083f5   Thumb Code    10  inv_mpu.o(i.mpu_get_fifo_config)
    mpu_get_gyro_fsr                         0x08008405   Thumb Code    58  inv_mpu.o(i.mpu_get_gyro_fsr)
    mpu_get_gyro_sens                        0x08008445   Thumb Code    68  inv_mpu.o(i.mpu_get_gyro_sens)
    mpu_get_lpf                              0x0800849d   Thumb Code    64  inv_mpu.o(i.mpu_get_lpf)
    mpu_get_sample_rate                      0x080084e1   Thumb Code    24  inv_mpu.o(i.mpu_get_sample_rate)
    mpu_get_temperature                      0x080084fd   Thumb Code   134  inv_mpu.o(i.mpu_get_temperature)
    mpu_init                                 0x08008591   Thumb Code   206  inv_mpu.o(i.mpu_init)
    mpu_load_firmware                        0x08008665   Thumb Code   174  inv_mpu.o(i.mpu_load_firmware)
    mpu_lp_accel_mode                        0x08008719   Thumb Code   204  inv_mpu.o(i.mpu_lp_accel_mode)
    mpu_lp_motion_interrupt                  0x080087e9   Thumb Code   182  inv_mpu.o(i.mpu_lp_motion_interrupt)
    mpu_read_fifo                            0x080088a5   Thumb Code   416  inv_mpu.o(i.mpu_read_fifo)
    mpu_read_fifo_stream                     0x08008a49   Thumb Code   170  inv_mpu.o(i.mpu_read_fifo_stream)
    mpu_read_mem                             0x08008af9   Thumb Code   100  inv_mpu.o(i.mpu_read_mem)
    mpu_reg_dump                             0x08008b61   Thumb Code    76  inv_mpu.o(i.mpu_reg_dump)
    mpu_reset_fifo                           0x08008bc1   Thumb Code   360  inv_mpu.o(i.mpu_reset_fifo)
    mpu_run_self_test                        0x08008d2d   Thumb Code   242  inv_mpu.o(i.mpu_run_self_test)
    mpu_set_accel_fsr                        0x08008e25   Thumb Code   110  inv_mpu.o(i.mpu_set_accel_fsr)
    mpu_set_bypass                           0x08008e99   Thumb Code   276  inv_mpu.o(i.mpu_set_bypass)
    mpu_set_dmp_state                        0x08008fb1   Thumb Code   118  inv_mpu.o(i.mpu_set_dmp_state)
    mpu_set_gyro_fsr                         0x0800902d   Thumb Code   116  inv_mpu.o(i.mpu_set_gyro_fsr)
    mpu_set_int_latched                      0x080090a5   Thumb Code    92  inv_mpu.o(i.mpu_set_int_latched)
    mpu_set_lpf                              0x08009105   Thumb Code   118  inv_mpu.o(i.mpu_set_lpf)
    mpu_set_sample_rate                      0x08009181   Thumb Code   126  inv_mpu.o(i.mpu_set_sample_rate)
    mpu_set_sensors                          0x08009205   Thumb Code   172  inv_mpu.o(i.mpu_set_sensors)
    mpu_write_mem                            0x080092b5   Thumb Code   100  inv_mpu.o(i.mpu_write_mem)
    set_sensor_orientation_and_scale         0x08009975   Thumb Code     6  data_builder.o(i.set_sensor_orientation_and_scale)
    sqrtf                                    0x080099c9   Thumb Code    62  sqrtf.o(i.sqrtf)
    reg                                      0x08009aac   Data          30  inv_mpu.o(.constdata)
    hw                                       0x08009aca   Data          12  inv_mpu.o(.constdata)
    test                                     0x08009ad8   Data          40  inv_mpu.o(.constdata)
    ml_ver                                   0x0800a6f6   Data          20  mpl.o(.constdata)
    Region$$Table$$Base                      0x0800a798   Number         0  anon$$obj.o(Region$$Table)
    Region$$Table$$Limit                     0x0800a7b8   Number         0  anon$$obj.o(Region$$Table)
    SystemCoreClock                          0x20000000   Data           4  system_stm32f4xx.o(.data)
    AHBPrescTable                            0x20000004   Data          16  system_stm32f4xx.o(.data)
    mpl_key                                  0x20000024   Data           4  main.o(.data)
    __stdout                                 0x2000006c   Data           4  stdout.o(.data)
    sensors                                  0x20000210   Data         408  data_builder.o(.bss)
    fnm                                      0x200006e0   Data         608  fast_no_motion.o(.bss)
    s9axis                                   0x20000980   Data         312  fusion_9axis.o(.bss)
    mag_disturb                              0x20000ce8   Data         184  mag_disturb.o(.bss)
    __initial_sp                             0x200011a0   Data           0  startup_stm32f429_439xx.o(STACK)



==============================================================================

Memory Map of the image

  Image Entry point : 0x080001ad

  Load Region LR_IROM1 (Base: 0x08000000, Size: 0x0000a82c, Max: 0x00100000, ABSOLUTE)

    Execution Region ER_IROM1 (Exec base: 0x08000000, Load base: 0x08000000, Size: 0x0000a7b8, Max: 0x00100000, ABSOLUTE)

    Exec Addr    Load Addr    Size         Type   Attr      Idx    E Section Name        Object

    0x08000000   0x08000000   0x000001ac   Data   RO            3    RESET               startup_stm32f429_439xx.o
    0x080001ac   0x080001ac   0x00000000   Code   RO         8403  * .ARM.Collect$$$$00000000  mc_w.l(entry.o)
    0x080001ac   0x080001ac   0x00000004   Code   RO         8759    .ARM.Collect$$$$00000001  mc_w.l(entry2.o)
    0x080001b0   0x080001b0   0x00000004   Code   RO         8762    .ARM.Collect$$$$00000004  mc_w.l(entry5.o)
    0x080001b4   0x080001b4   0x00000000   Code   RO         8764    .ARM.Collect$$$$00000008  mc_w.l(entry7b.o)
    0x080001b4   0x080001b4   0x00000000   Code   RO         8766    .ARM.Collect$$$$0000000A  mc_w.l(entry8b.o)
    0x080001b4   0x080001b4   0x00000008   Code   RO         8767    .ARM.Collect$$$$0000000B  mc_w.l(entry9a.o)
    0x080001bc   0x080001bc   0x00000000   Code   RO         8769    .ARM.Collect$$$$0000000D  mc_w.l(entry10a.o)
    0x080001bc   0x080001bc   0x00000000   Code   RO         8771    .ARM.Collect$$$$0000000F  mc_w.l(entry11a.o)
    0x080001bc   0x080001bc   0x00000004   Code   RO         8760    .ARM.Collect$$$$00002712  mc_w.l(entry2.o)
    0x080001c0   0x080001c0   0x00000024   Code   RO            4    .text               startup_stm32f429_439xx.o
    0x080001e4   0x080001e4   0x00000a18   Code   RO         8018    .text               libmpllib.lib(fast_no_motion.o)
    0x08000bfc   0x08000bfc   0x000006b0   Code   RO         8109    .text               libmpllib.lib(fusion_9axis.o)
    0x080012ac   0x080012ac   0x000004c4   Code   RO         8134    .text               libmpllib.lib(gyro_tc.o)
    0x08001770   0x08001770   0x00000994   Code   RO         8155    .text               libmpllib.lib(quaternion_supervisor.o)
    0x08002104   0x08002104   0x000005c0   Code   RO         8173    .text               libmpllib.lib(mag_disturb.o)
    0x080026c4   0x080026c4   0x00000062   Code   RO         8406    .text               mc_w.l(ldiv.o)
    0x08002726   0x08002726   0x0000001e   Code   RO         8408    .text               mc_w.l(llshl.o)
    0x08002744   0x08002744   0x00000024   Code   RO         8410    .text               mc_w.l(llsshr.o)
    0x08002768   0x08002768   0x00000040   Code   RO         8414    .text               mc_w.l(memmovea.o)
    0x080027a8   0x080027a8   0x00000024   Code   RO         8416    .text               mc_w.l(memseta.o)
    0x080027cc   0x080027cc   0x0000001a   Code   RO         8418    .text               mc_w.l(memcmp.o)
    0x080027e6   0x080027e6   0x0000014e   Code   RO         8685    .text               mf_w.l(dadd.o)
    0x08002934   0x08002934   0x000000e4   Code   RO         8687    .text               mf_w.l(dmul.o)
    0x08002a18   0x08002a18   0x000000de   Code   RO         8689    .text               mf_w.l(ddiv.o)
    0x08002af6   0x08002af6   0x0000002c   Code   RO         8691    .text               mf_w.l(ffltl.o)
    0x08002b22   0x08002b22   0x00000022   Code   RO         8693    .text               mf_w.l(dflti.o)
    0x08002b44   0x08002b44   0x00000042   Code   RO         8695    .text               mf_w.l(ffixl.o)
    0x08002b86   0x08002b86   0x0000003e   Code   RO         8697    .text               mf_w.l(dfixi.o)
    0x08002bc4   0x08002bc4   0x00000026   Code   RO         8699    .text               mf_w.l(f2d.o)
    0x08002bea   0x08002bea   0x00000002   PAD
    0x08002bec   0x08002bec   0x00000030   Code   RO         8703    .text               mf_w.l(cdrcmple.o)
    0x08002c1c   0x08002c1c   0x00000038   Code   RO         8705    .text               mf_w.l(d2f.o)
    0x08002c54   0x08002c54   0x0000002c   Code   RO         8774    .text               mc_w.l(uidiv.o)
    0x08002c80   0x08002c80   0x00000062   Code   RO         8776    .text               mc_w.l(uldiv.o)
    0x08002ce2   0x08002ce2   0x00000020   Code   RO         8778    .text               mc_w.l(llushr.o)
    0x08002d02   0x08002d02   0x00000000   Code   RO         8787    .text               mc_w.l(iusefp.o)
    0x08002d02   0x08002d02   0x0000006e   Code   RO         8788    .text               mf_w.l(fepilogue.o)
    0x08002d70   0x08002d70   0x000000ba   Code   RO         8790    .text               mf_w.l(depilogue.o)
    0x08002e2a   0x08002e2a   0x00000030   Code   RO         8798    .text               mf_w.l(dfixul.o)
    0x08002e5a   0x08002e5a   0x00000002   PAD
    0x08002e5c   0x08002e5c   0x00000024   Code   RO         8800    .text               mc_w.l(init.o)
    0x08002e80   0x08002e80   0x00000002   Code   RO         5369    i.BusFault_Handler  stm32f4xx_it.o
    0x08002e82   0x08002e82   0x00000002   Code   RO         5370    i.DebugMon_Handler  stm32f4xx_it.o
    0x08002e84   0x08002e84   0x00000098   Code   RO         5493    i.Debug_USART_Config  bsp_debug_usart.o
    0x08002f1c   0x08002f1c   0x00000014   Code   RO         5616    i.Delay_ms          bsp_systick.o
    0x08002f30   0x08002f30   0x0000001c   Code   RO         5371    i.EXTI1_IRQHandler  stm32f4xx_it.o
    0x08002f4c   0x08002f4c   0x0000000c   Code   RO         1464    i.EXTI_ClearITPendingBit  stm32f4xx_exti.o
    0x08002f58   0x08002f58   0x00000014   Code   RO         1468    i.EXTI_GetITStatus  stm32f4xx_exti.o
    0x08002f6c   0x08002f6c   0x00000074   Code   RO         1469    i.EXTI_Init         stm32f4xx_exti.o
    0x08002fe0   0x08002fe0   0x00000054   Code   RO         5670    i.EXTI_MPU_Config   bsp_mpu_exti.o
    0x08003034   0x08003034   0x0000007c   Code   RO         1971    i.GPIO_Init         stm32f4xx_gpio.o
    0x080030b0   0x080030b0   0x00000020   Code   RO         1972    i.GPIO_PinAFConfig  stm32f4xx_gpio.o
    0x080030d0   0x080030d0   0x00000004   Code   RO         1978    i.GPIO_ResetBits    stm32f4xx_gpio.o
    0x080030d4   0x080030d4   0x0000000c   Code   RO         5529    i.Get_I2C_Retry     i2c.o
    0x080030e0   0x080030e0   0x00000002   Code   RO         5372    i.HardFault_Handler  stm32f4xx_it.o
    0x080030e2   0x080030e2   0x00000018   Code   RO         2259    i.I2C_AcknowledgeConfig  stm32f4xx_i2c.o
    0x080030fa   0x080030fa   0x00000006   Code   RO         2263    i.I2C_ClearFlag     stm32f4xx_i2c.o
    0x08003100   0x08003100   0x00000018   Code   RO         2265    i.I2C_Cmd           stm32f4xx_i2c.o
    0x08003118   0x08003118   0x00000064   Code   RO         2268    i.I2C_DeInit        stm32f4xx_i2c.o
    0x0800317c   0x0800317c   0x00000018   Code   RO         2273    i.I2C_GenerateSTART  stm32f4xx_i2c.o
    0x08003194   0x08003194   0x00000018   Code   RO         2274    i.I2C_GenerateSTOP  stm32f4xx_i2c.o
    0x080031ac   0x080031ac   0x00000032   Code   RO         2275    i.I2C_GetFlagStatus  stm32f4xx_i2c.o
    0x080031de   0x080031de   0x00000002   PAD
    0x080031e0   0x080031e0   0x000000bc   Code   RO         2280    i.I2C_Init          stm32f4xx_i2c.o
    0x0800329c   0x0800329c   0x00000010   Code   RO         2284    i.I2C_ReadRegister  stm32f4xx_i2c.o
    0x080032ac   0x080032ac   0x00000006   Code   RO         2285    i.I2C_ReceiveData   stm32f4xx_i2c.o
    0x080032b2   0x080032b2   0x00000012   Code   RO         2287    i.I2C_Send7bitAddress  stm32f4xx_i2c.o
    0x080032c4   0x080032c4   0x00000004   Code   RO         2288    i.I2C_SendData      stm32f4xx_i2c.o
    0x080032c8   0x080032c8   0x00000018   Code   RO         2289    i.I2C_SoftwareResetCmd  stm32f4xx_i2c.o
    0x080032e0   0x080032e0   0x0000009c   Code   RO         5530    i.I2Cx_TIMEOUT_UserCallback  i2c.o
    0x0800337c   0x0800337c   0x000000a4   Code   RO         5531    i.I2cMaster_Init    i2c.o
    0x08003420   0x08003420   0x00000074   Code   RO         5466    i.LED_GPIO_Config   bsp_led.o
    0x08003494   0x08003494   0x00000002   Code   RO         5373    i.MemManage_Handler  stm32f4xx_it.o
    0x08003496   0x08003496   0x00000002   Code   RO         5374    i.NMI_Handler       stm32f4xx_it.o
    0x08003498   0x08003498   0x00000026   Code   RO         5671    i.NVIC_Configuration  bsp_mpu_exti.o
    0x080034be   0x080034be   0x00000002   PAD
    0x080034c0   0x080034c0   0x00000068   Code   RO          164    i.NVIC_Init         misc.o
    0x08003528   0x08003528   0x00000014   Code   RO          165    i.NVIC_PriorityGroupConfig  misc.o
    0x0800353c   0x0800353c   0x00000002   Code   RO         5375    i.PendSV_Handler    stm32f4xx_it.o
    0x0800353e   0x0800353e   0x00000002   PAD
    0x08003540   0x08003540   0x0000001c   Code   RO         2864    i.RCC_AHB1PeriphClockCmd  stm32f4xx_rcc.o
    0x0800355c   0x0800355c   0x0000001c   Code   RO         2873    i.RCC_APB1PeriphClockCmd  stm32f4xx_rcc.o
    0x08003578   0x08003578   0x0000001c   Code   RO         2875    i.RCC_APB1PeriphResetCmd  stm32f4xx_rcc.o
    0x08003594   0x08003594   0x0000001c   Code   RO         2876    i.RCC_APB2PeriphClockCmd  stm32f4xx_rcc.o
    0x080035b0   0x080035b0   0x000000a4   Code   RO         2885    i.RCC_GetClocksFreq  stm32f4xx_rcc.o
    0x08003654   0x08003654   0x000003f4   Code   RO         5533    i.ST_Sensors_I2C_ReadRegister  i2c.o
    0x08003a48   0x08003a48   0x0000015c   Code   RO         5535    i.ST_Sensors_I2C_WriteRegister  i2c.o
    0x08003ba4   0x08003ba4   0x00000002   Code   RO         5376    i.SVC_Handler       stm32f4xx_it.o
    0x08003ba6   0x08003ba6   0x00000002   PAD
    0x08003ba8   0x08003ba8   0x0000002c   Code   RO         4163    i.SYSCFG_EXTILineConfig  stm32f4xx_syscfg.o
    0x08003bd4   0x08003bd4   0x0000003e   Code   RO         5537    i.Sensors_I2C_ReadRegister  i2c.o
    0x08003c12   0x08003c12   0x0000003e   Code   RO         5539    i.Sensors_I2C_WriteRegister  i2c.o
    0x08003c50   0x08003c50   0x000000d4   Code   RO           13    i.SetSysClock       system_stm32f4xx.o
    0x08003d24   0x08003d24   0x0000000e   Code   RO         5377    i.SysTick_Handler   stm32f4xx_it.o
    0x08003d32   0x08003d32   0x00000002   PAD
    0x08003d34   0x08003d34   0x00000040   Code   RO         5617    i.SysTick_Init      bsp_systick.o
    0x08003d74   0x08003d74   0x0000005c   Code   RO           15    i.SystemInit        system_stm32f4xx.o
    0x08003dd0   0x08003dd0   0x00000010   Code   RO         5618    i.TimeStamp_Increment  bsp_systick.o
    0x08003de0   0x08003de0   0x00000014   Code   RO         5619    i.TimingDelay_Decrement  bsp_systick.o
    0x08003df4   0x08003df4   0x00000008   Code   RO         4786    i.USART_ClearFlag   stm32f4xx_usart.o
    0x08003dfc   0x08003dfc   0x00000018   Code   RO         4790    i.USART_Cmd         stm32f4xx_usart.o
    0x08003e14   0x08003e14   0x0000000e   Code   RO         4793    i.USART_GetFlagStatus  stm32f4xx_usart.o
    0x08003e22   0x08003e22   0x00000002   PAD
    0x08003e24   0x08003e24   0x000000bc   Code   RO         4797    i.USART_Init        stm32f4xx_usart.o
    0x08003ee0   0x08003ee0   0x00000008   Code   RO         4804    i.USART_ReceiveData  stm32f4xx_usart.o
    0x08003ee8   0x08003ee8   0x00000008   Code   RO         4807    i.USART_SendData    stm32f4xx_usart.o
    0x08003ef0   0x08003ef0   0x00000002   Code   RO         5378    i.UsageFault_Handler  stm32f4xx_it.o
    0x08003ef2   0x08003ef2   0x0000009a   Code   RO         6571    i._MLPrintLog       log_stm32.o
    0x08003f8c   0x08003f8c   0x00000020   Code   RO         8657    i.__0printf         mc_w.l(printfa.o)
    0x08003fac   0x08003fac   0x00000028   Code   RO         8659    i.__0sprintf        mc_w.l(printfa.o)
    0x08003fd4   0x08003fd4   0x00000024   Code   RO         8663    i.__0vsprintf       mc_w.l(printfa.o)
    0x08003ff8   0x08003ff8   0x00000026   Code   RO         8726    i.__ARM_fpclassifyf  m_wm.l(fpclassifyf.o)
    0x0800401e   0x0800401e   0x00000002   PAD
    0x08004020   0x08004020   0x00000118   Code   RO         8209    i.__hardfp_acosf    m_wm.l(acosf.o)
    0x08004138   0x08004138   0x00000250   Code   RO         8273    i.__hardfp_atan2f   m_wm.l(atan2f.o)
    0x08004388   0x08004388   0x00000150   Code   RO         8303    i.__hardfp_cosf     m_wm.l(cosf.o)
    0x080044d8   0x080044d8   0x00000014   Code   RO         8315    i.__hardfp_fabs     m_wm.l(fabs.o)
    0x080044ec   0x080044ec   0x00000190   Code   RO         8367    i.__hardfp_sinf     m_wm.l(sinf.o)
    0x0800467c   0x0800467c   0x0000003a   Code   RO         8391    i.__hardfp_sqrtf    m_wm.l(sqrtf.o)
    0x080046b6   0x080046b6   0x00000006   Code   RO         8729    i.__mathlib_flt_infnan  m_wm.l(funder.o)
    0x080046bc   0x080046bc   0x00000006   Code   RO         8730    i.__mathlib_flt_infnan2  m_wm.l(funder.o)
    0x080046c2   0x080046c2   0x00000002   PAD
    0x080046c4   0x080046c4   0x00000010   Code   RO         8731    i.__mathlib_flt_invalid  m_wm.l(funder.o)
    0x080046d4   0x080046d4   0x00000010   Code   RO         8734    i.__mathlib_flt_underflow  m_wm.l(funder.o)
    0x080046e4   0x080046e4   0x00000154   Code   RO         8750    i.__mathlib_rredf2  m_wm.l(rredf.o)
    0x08004838   0x08004838   0x00000030   Code   RO         7664    i.__print_result_location  mpl.o
    0x08004868   0x08004868   0x0000000e   Code   RO         8806    i.__scatterload_copy  mc_w.l(handlers.o)
    0x08004876   0x08004876   0x00000002   Code   RO         8807    i.__scatterload_null  mc_w.l(handlers.o)
    0x08004878   0x08004878   0x0000000e   Code   RO         8808    i.__scatterload_zeroinit  mc_w.l(handlers.o)
    0x08004886   0x08004886   0x00000002   PAD
    0x08004888   0x08004888   0x0000000c   Code   RO         8782    i.__set_errno       mc_w.l(errno.o)
    0x08004894   0x08004894   0x00000184   Code   RO         8664    i._fp_digits        mc_w.l(printfa.o)
    0x08004a18   0x08004a18   0x000006dc   Code   RO         8665    i._printf_core      mc_w.l(printfa.o)
    0x080050f4   0x080050f4   0x00000024   Code   RO         8666    i._printf_post_padding  mc_w.l(printfa.o)
    0x08005118   0x08005118   0x0000002e   Code   RO         8667    i._printf_pre_padding  mc_w.l(printfa.o)
    0x08005146   0x08005146   0x0000000a   Code   RO         8669    i._sputc            mc_w.l(printfa.o)
    0x08005150   0x08005150   0x000000bc   Code   RO         6049    i.accel_self_test   inv_mpu.o
    0x0800520c   0x0800520c   0x00000070   Code   RO         5046    i.android_orient_cb  main.o
    0x0800527c   0x0800527c   0x0000003c   Code   RO         6374    i.decode_gesture    inv_mpu_dmp_motion_driver.o
    0x080052b8   0x080052b8   0x0000003c   Code   RO         6375    i.dmp_enable_6x_lp_quat  inv_mpu_dmp_motion_driver.o
    0x080052f4   0x080052f4   0x000001ec   Code   RO         6376    i.dmp_enable_feature  inv_mpu_dmp_motion_driver.o
    0x080054e0   0x080054e0   0x00000058   Code   RO         6377    i.dmp_enable_gyro_cal  inv_mpu_dmp_motion_driver.o
    0x08005538   0x08005538   0x0000003c   Code   RO         6378    i.dmp_enable_lp_quat  inv_mpu_dmp_motion_driver.o
    0x08005574   0x08005574   0x00000010   Code   RO         6380    i.dmp_get_fifo_rate  inv_mpu_dmp_motion_driver.o
    0x08005584   0x08005584   0x00000044   Code   RO         6381    i.dmp_get_pedometer_step_count  inv_mpu_dmp_motion_driver.o
    0x080055c8   0x080055c8   0x0000004a   Code   RO         6382    i.dmp_get_pedometer_walk_time  inv_mpu_dmp_motion_driver.o
    0x08005612   0x08005612   0x00000002   PAD
    0x08005614   0x08005614   0x00000014   Code   RO         6383    i.dmp_load_motion_driver_firmware  inv_mpu_dmp_motion_driver.o
    0x08005628   0x08005628   0x00000184   Code   RO         6384    i.dmp_read_fifo     inv_mpu_dmp_motion_driver.o
    0x080057ac   0x080057ac   0x0000000c   Code   RO         6385    i.dmp_register_android_orient_cb  inv_mpu_dmp_motion_driver.o
    0x080057b8   0x080057b8   0x0000000c   Code   RO         6386    i.dmp_register_tap_cb  inv_mpu_dmp_motion_driver.o
    0x080057c4   0x080057c4   0x00000070   Code   RO         6388    i.dmp_set_fifo_rate  inv_mpu_dmp_motion_driver.o
    0x08005834   0x08005834   0x00000064   Code   RO         6390    i.dmp_set_interrupt_mode  inv_mpu_dmp_motion_driver.o
    0x08005898   0x08005898   0x00000118   Code   RO         6391    i.dmp_set_orientation  inv_mpu_dmp_motion_driver.o
    0x080059b0   0x080059b0   0x00000026   Code   RO         6392    i.dmp_set_pedometer_step_count  inv_mpu_dmp_motion_driver.o
    0x080059d6   0x080059d6   0x0000002c   Code   RO         6393    i.dmp_set_pedometer_walk_time  inv_mpu_dmp_motion_driver.o
    0x08005a02   0x08005a02   0x00000030   Code   RO         6394    i.dmp_set_shake_reject_thresh  inv_mpu_dmp_motion_driver.o
    0x08005a32   0x08005a32   0x00000020   Code   RO         6395    i.dmp_set_shake_reject_time  inv_mpu_dmp_motion_driver.o
    0x08005a52   0x08005a52   0x00000020   Code   RO         6396    i.dmp_set_shake_reject_timeout  inv_mpu_dmp_motion_driver.o
    0x08005a72   0x08005a72   0x00000038   Code   RO         6397    i.dmp_set_tap_axes  inv_mpu_dmp_motion_driver.o
    0x08005aaa   0x08005aaa   0x00000022   Code   RO         6398    i.dmp_set_tap_count  inv_mpu_dmp_motion_driver.o
    0x08005acc   0x08005acc   0x0000019c   Code   RO         6399    i.dmp_set_tap_thresh  inv_mpu_dmp_motion_driver.o
    0x08005c68   0x08005c68   0x00000020   Code   RO         6400    i.dmp_set_tap_time  inv_mpu_dmp_motion_driver.o
    0x08005c88   0x08005c88   0x00000020   Code   RO         6401    i.dmp_set_tap_time_multi  inv_mpu_dmp_motion_driver.o
    0x08005ca8   0x08005ca8   0x00000182   Code   RO         6572    i.eMPL_send_data    log_stm32.o
    0x08005e2a   0x08005e2a   0x000000b6   Code   RO         6573    i.eMPL_send_quat    log_stm32.o
    0x08005ee0   0x08005ee0   0x00000024   Code   RO         5495    i.fputc             bsp_debug_usart.o
    0x08005f04   0x08005f04   0x00000024   Code   RO         6574    i.fputcc            log_stm32.o
    0x08005f28   0x08005f28   0x000000b8   Code   RO         6050    i.get_accel_prod_shift  inv_mpu.o
    0x08005fe0   0x08005fe0   0x000003d8   Code   RO         6051    i.get_st_biases     inv_mpu.o
    0x080063b8   0x080063b8   0x00000010   Code   RO         5620    i.get_tick_count    bsp_systick.o
    0x080063c8   0x080063c8   0x0000000c   Code   RO         5047    i.gyro_data_ready_cb  main.o
    0x080063d4   0x080063d4   0x00000108   Code   RO         6052    i.gyro_self_test    inv_mpu.o
    0x080064dc   0x080064dc   0x00000344   Code   RO         5048    i.handle_input      main.o
    0x08006820   0x08006820   0x0000000c   Code   RO         6707    i.inv_accel_was_turned_off  data_builder.o
    0x0800682c   0x0800682c   0x0000006a   Code   RO         6708    i.inv_apply_calibration  data_builder.o
    0x08006896   0x08006896   0x00000002   PAD
    0x08006898   0x08006898   0x00000068   Code   RO         6709    i.inv_build_accel   data_builder.o
    0x08006900   0x08006900   0x00000030   Code   RO         6711    i.inv_build_gyro    data_builder.o
    0x08006930   0x08006930   0x00000030   Code   RO         6712    i.inv_build_quat    data_builder.o
    0x08006960   0x08006960   0x0000001c   Code   RO         6713    i.inv_build_temp    data_builder.o
    0x0800697c   0x0800697c   0x000000ac   Code   RO         7309    i.inv_compass_angle  ml_math_func.o
    0x08006a28   0x08006a28   0x00000010   Code   RO         6714    i.inv_compass_was_turned_off  data_builder.o
    0x08006a38   0x08006a38   0x0000005c   Code   RO         7311    i.inv_convert_to_body_with_scale  ml_math_func.o
    0x08006a94   0x08006a94   0x00000034   Code   RO         6715    i.inv_db_load_func  data_builder.o
    0x08006ac8   0x08006ac8   0x00000014   Code   RO         6716    i.inv_db_save_func  data_builder.o
    0x08006adc   0x08006adc   0x00000010   Code   RO         6717    i.inv_disable_compass_soft_iron_matrix  data_builder.o
    0x08006aec   0x08006aec   0x0000001c   Code   RO         6623    i.inv_enable_eMPL_outputs  empl_outputs.o
    0x08006b08   0x08006b08   0x0000001c   Code   RO         7705    i.inv_enable_results_holder  results_holder.o
    0x08006b24   0x08006b24   0x00000028   Code   RO         7943    i.inv_execute_mpl_start_notification  start_manager.o
    0x08006b4c   0x08006b4c   0x00000080   Code   RO         6719    i.inv_execute_on_data  data_builder.o
    0x08006bcc   0x08006bcc   0x000000ac   Code   RO         6624    i.inv_generate_eMPL_outputs  empl_outputs.o
    0x08006c78   0x08006c78   0x00000010   Code   RO         7706    i.inv_generate_results  results_holder.o
    0x08006c88   0x08006c88   0x0000001c   Code   RO         7707    i.inv_get_6axis_quaternion  results_holder.o
    0x08006ca4   0x08006ca4   0x0000000c   Code   RO         7708    i.inv_get_acc_state  results_holder.o
    0x08006cb0   0x08006cb0   0x0000000c   Code   RO         6720    i.inv_get_accel_accuracy  data_builder.o
    0x08006cbc   0x08006cbc   0x00000010   Code   RO         6722    i.inv_get_accel_on  data_builder.o
    0x08006ccc   0x08006ccc   0x00000030   Code   RO         6726    i.inv_get_accel_set  data_builder.o
    0x08006cfc   0x08006cfc   0x00000018   Code   RO         7712    i.inv_get_compass_correction  results_holder.o
    0x08006d14   0x08006d14   0x00000010   Code   RO         6729    i.inv_get_compass_on  data_builder.o
    0x08006d24   0x08006d24   0x00000054   Code   RO         7714    i.inv_get_gravity   results_holder.o
    0x08006d78   0x08006d78   0x00000014   Code   RO         6737    i.inv_get_gyro      data_builder.o
    0x08006d8c   0x08006d8c   0x0000000c   Code   RO         6738    i.inv_get_gyro_accuracy  data_builder.o
    0x08006d98   0x08006d98   0x0000002c   Code   RO         6739    i.inv_get_gyro_bias  data_builder.o
    0x08006dc4   0x08006dc4   0x0000001c   Code   RO         6740    i.inv_get_gyro_bias_tc_set  data_builder.o
    0x08006de0   0x08006de0   0x00000010   Code   RO         6741    i.inv_get_gyro_on   data_builder.o
    0x08006df0   0x08006df0   0x0000002c   Code   RO         6745    i.inv_get_gyro_set  data_builder.o
    0x08006e1c   0x08006e1c   0x00000018   Code   RO         7315    i.inv_get_gyro_sum_of_sqr  ml_math_func.o
    0x08006e34   0x08006e34   0x00000048   Code   RO         6747    i.inv_get_last_timestamp  data_builder.o
    0x08006e7c   0x08006e7c   0x0000003e   Code   RO         7718    i.inv_get_linear_accel  results_holder.o
    0x08006eba   0x08006eba   0x00000002   PAD
    0x08006ebc   0x08006ebc   0x00000014   Code   RO         7720    i.inv_get_local_field  results_holder.o
    0x08006ed0   0x08006ed0   0x00000020   Code   RO         6748    i.inv_get_mag_accuracy  data_builder.o
    0x08006ef0   0x08006ef0   0x00000014   Code   RO         7280    i.inv_get_message_level_0  message_layer.o
    0x08006f04   0x08006f04   0x00000010   Code   RO         7722    i.inv_get_motion_state  results_holder.o
    0x08006f14   0x08006f14   0x00000030   Code   RO         7723    i.inv_get_quaternion  results_holder.o
    0x08006f44   0x08006f44   0x00000040   Code   RO         7725    i.inv_get_quaternion_set  results_holder.o
    0x08006f84   0x08006f84   0x0000001c   Code   RO         6625    i.inv_get_sensor_type_accel  empl_outputs.o
    0x08006fa0   0x08006fa0   0x000001dc   Code   RO         6627    i.inv_get_sensor_type_euler  empl_outputs.o
    0x0800717c   0x0800717c   0x00000060   Code   RO         7161    i.inv_get_sensor_type_gravity  hal_outputs.o
    0x080071dc   0x080071dc   0x0000001c   Code   RO         6628    i.inv_get_sensor_type_gyro  empl_outputs.o
    0x080071f8   0x080071f8   0x000000a8   Code   RO         6629    i.inv_get_sensor_type_heading  empl_outputs.o
    0x080072a0   0x080072a0   0x00000070   Code   RO         7164    i.inv_get_sensor_type_linear_acceleration  hal_outputs.o
    0x08007310   0x08007310   0x0000001c   Code   RO         6630    i.inv_get_sensor_type_quat  empl_outputs.o
    0x0800732c   0x0800732c   0x00000020   Code   RO         6631    i.inv_get_sensor_type_rot_mat  empl_outputs.o
    0x0800734c   0x0800734c   0x0000000c   Code   RO         7727    i.inv_got_compass_bias  results_holder.o
    0x08007358   0x08007358   0x0000000c   Code   RO         6750    i.inv_gyro_was_turned_off  data_builder.o
    0x08007364   0x08007364   0x0000003c   Code   RO         6751    i.inv_init_data_builder  data_builder.o
    0x080073a0   0x080073a0   0x00000014   Code   RO         6632    i.inv_init_eMPL_outputs  empl_outputs.o
    0x080073b4   0x080073b4   0x00000084   Code   RO         7666    i.inv_init_mpl      mpl.o
    0x08007438   0x08007438   0x00000030   Code   RO         7728    i.inv_init_results_holder  results_holder.o
    0x08007468   0x08007468   0x00000014   Code   RO         7944    i.inv_init_start_manager  start_manager.o
    0x0800747c   0x0800747c   0x00000018   Code   RO         7977    i.inv_init_storage_manager  storage_manager.o
    0x08007494   0x08007494   0x00000024   Code   RO         7324    i.inv_orientation_matrix_to_scalar  ml_math_func.o
    0x080074b8   0x080074b8   0x0000000c   Code   RO         7325    i.inv_q29_mult      ml_math_func.o
    0x080074c4   0x080074c4   0x0000000c   Code   RO         7327    i.inv_q30_mult      ml_math_func.o
    0x080074d0   0x080074d0   0x00000024   Code   RO         7329    i.inv_q_add         ml_math_func.o
    0x080074f4   0x080074f4   0x00000042   Code   RO         7330    i.inv_q_addf        ml_math_func.o
    0x08007536   0x08007536   0x00000018   Code   RO         7331    i.inv_q_invert      ml_math_func.o
    0x0800754e   0x0800754e   0x0000002e   Code   RO         7332    i.inv_q_invertf     ml_math_func.o
    0x0800757c   0x0800757c   0x000000b0   Code   RO         7333    i.inv_q_mult        ml_math_func.o
    0x0800762c   0x0800762c   0x000000d2   Code   RO         7334    i.inv_q_multf       ml_math_func.o
    0x080076fe   0x080076fe   0x00000002   PAD
    0x08007700   0x08007700   0x00000084   Code   RO         7335    i.inv_q_norm4       ml_math_func.o
    0x08007784   0x08007784   0x000000b4   Code   RO         7337    i.inv_q_normalizef  ml_math_func.o
    0x08007838   0x08007838   0x0000003e   Code   RO         7338    i.inv_q_rotate      ml_math_func.o
    0x08007876   0x08007876   0x00000002   PAD
    0x08007878   0x08007878   0x00000010   Code   RO         6753    i.inv_quaternion_sensor_was_turned_off  data_builder.o
    0x08007888   0x08007888   0x000000da   Code   RO         7340    i.inv_quaternion_to_rotation  ml_math_func.o
    0x08007962   0x08007962   0x00000002   PAD
    0x08007964   0x08007964   0x000000b0   Code   RO         6754    i.inv_register_data_cb  data_builder.o
    0x08007a14   0x08007a14   0x0000006c   Code   RO         7979    i.inv_register_load_store  storage_manager.o
    0x08007a80   0x08007a80   0x00000020   Code   RO         7945    i.inv_register_mpl_start_notification  start_manager.o
    0x08007aa0   0x08007aa0   0x00000050   Code   RO         6755    i.inv_reset_compass_soft_iron_matrix  data_builder.o
    0x08007af0   0x08007af0   0x00000048   Code   RO         7342    i.inv_row_2_scale   ml_math_func.o
    0x08007b38   0x08007b38   0x0000004c   Code   RO         6758    i.inv_set_accel_bias  data_builder.o
    0x08007b84   0x08007b84   0x00000010   Code   RO         6760    i.inv_set_accel_orientation_and_scale  data_builder.o
    0x08007b94   0x08007b94   0x0000002c   Code   RO         6761    i.inv_set_accel_sample_rate  data_builder.o
    0x08007bc0   0x08007bc0   0x0000000c   Code   RO         7733    i.inv_set_compass_bias_found  results_holder.o
    0x08007bcc   0x08007bcc   0x00000024   Code   RO         7734    i.inv_set_compass_correction  results_holder.o
    0x08007bf0   0x08007bf0   0x0000000c   Code   RO         6764    i.inv_set_compass_disturbance  data_builder.o
    0x08007bfc   0x08007bfc   0x00000094   Code   RO         6770    i.inv_set_contiguous  data_builder.o
    0x08007c90   0x08007c90   0x00000060   Code   RO         6772    i.inv_set_gyro_bias  data_builder.o
    0x08007cf0   0x08007cf0   0x00000010   Code   RO         6773    i.inv_set_gyro_orientation_and_scale  data_builder.o
    0x08007d00   0x08007d00   0x00000028   Code   RO         6774    i.inv_set_gyro_sample_rate  data_builder.o
    0x08007d28   0x08007d28   0x00000014   Code   RO         7281    i.inv_set_message   message_layer.o
    0x08007d3c   0x08007d3c   0x00000038   Code   RO         7740    i.inv_set_motion_state  results_holder.o
    0x08007d74   0x08007d74   0x00000018   Code   RO         6775    i.inv_set_quat_sample_rate  data_builder.o
    0x08007d8c   0x08007d8c   0x00000010   Code   RO         6633    i.inv_start_eMPL_outputs  empl_outputs.o
    0x08007d9c   0x08007d9c   0x00000048   Code   RO         7667    i.inv_start_mpl     mpl.o
    0x08007de4   0x08007de4   0x00000018   Code   RO         7741    i.inv_start_results_holder  results_holder.o
    0x08007dfc   0x08007dfc   0x00000024   Code   RO         7742    i.inv_store_gaming_quaternion  results_holder.o
    0x08007e20   0x08007e20   0x0000005c   Code   RO         6777    i.inv_unregister_data_cb  data_builder.o
    0x08007e7c   0x08007e7c   0x0000004c   Code   RO         7946    i.inv_unregister_mpl_start_notification  start_manager.o
    0x08007ec8   0x08007ec8   0x000003d4   Code   RO         5049    i.main              main.o
    0x0800829c   0x0800829c   0x00000060   Code   RO         6053    i.mpu_configure_fifo  inv_mpu.o
    0x080082fc   0x080082fc   0x00000044   Code   RO         6054    i.mpu_get_accel_fsr  inv_mpu.o
    0x08008340   0x08008340   0x00000068   Code   RO         6055    i.mpu_get_accel_reg  inv_mpu.o
    0x080083a8   0x080083a8   0x0000004c   Code   RO         6056    i.mpu_get_accel_sens  inv_mpu.o
    0x080083f4   0x080083f4   0x00000010   Code   RO         6061    i.mpu_get_fifo_config  inv_mpu.o
    0x08008404   0x08008404   0x00000040   Code   RO         6062    i.mpu_get_gyro_fsr  inv_mpu.o
    0x08008444   0x08008444   0x00000058   Code   RO         6064    i.mpu_get_gyro_sens  inv_mpu.o
    0x0800849c   0x0800849c   0x00000044   Code   RO         6066    i.mpu_get_lpf       inv_mpu.o
    0x080084e0   0x080084e0   0x0000001c   Code   RO         6068    i.mpu_get_sample_rate  inv_mpu.o
    0x080084fc   0x080084fc   0x00000094   Code   RO         6069    i.mpu_get_temperature  inv_mpu.o
    0x08008590   0x08008590   0x000000d4   Code   RO         6070    i.mpu_init          inv_mpu.o
    0x08008664   0x08008664   0x000000b4   Code   RO         6071    i.mpu_load_firmware  inv_mpu.o
    0x08008718   0x08008718   0x000000d0   Code   RO         6072    i.mpu_lp_accel_mode  inv_mpu.o
    0x080087e8   0x080087e8   0x000000bc   Code   RO         6073    i.mpu_lp_motion_interrupt  inv_mpu.o
    0x080088a4   0x080088a4   0x000001a4   Code   RO         6077    i.mpu_read_fifo     inv_mpu.o
    0x08008a48   0x08008a48   0x000000b0   Code   RO         6078    i.mpu_read_fifo_stream  inv_mpu.o
    0x08008af8   0x08008af8   0x00000068   Code   RO         6079    i.mpu_read_mem      inv_mpu.o
    0x08008b60   0x08008b60   0x00000060   Code   RO         6081    i.mpu_reg_dump      inv_mpu.o
    0x08008bc0   0x08008bc0   0x0000016c   Code   RO         6082    i.mpu_reset_fifo    inv_mpu.o
    0x08008d2c   0x08008d2c   0x000000f8   Code   RO         6083    i.mpu_run_self_test  inv_mpu.o
    0x08008e24   0x08008e24   0x00000074   Code   RO         6086    i.mpu_set_accel_fsr  inv_mpu.o
    0x08008e98   0x08008e98   0x00000118   Code   RO         6087    i.mpu_set_bypass    inv_mpu.o
    0x08008fb0   0x08008fb0   0x0000007c   Code   RO         6089    i.mpu_set_dmp_state  inv_mpu.o
    0x0800902c   0x0800902c   0x00000078   Code   RO         6091    i.mpu_set_gyro_fsr  inv_mpu.o
    0x080090a4   0x080090a4   0x00000060   Code   RO         6092    i.mpu_set_int_latched  inv_mpu.o
    0x08009104   0x08009104   0x0000007c   Code   RO         6094    i.mpu_set_lpf       inv_mpu.o
    0x08009180   0x08009180   0x00000084   Code   RO         6095    i.mpu_set_sample_rate  inv_mpu.o
    0x08009204   0x08009204   0x000000b0   Code   RO         6096    i.mpu_set_sensors   inv_mpu.o
    0x080092b4   0x080092b4   0x00000068   Code   RO         6097    i.mpu_write_mem     inv_mpu.o
    0x0800931c   0x0800931c   0x000003ec   Code   RO         5050    i.read_from_mpl     main.o
    0x08009708   0x08009708   0x000001f8   Code   RO         5051    i.run_self_test     main.o
    0x08009900   0x08009900   0x00000074   Code   RO         6098    i.set_int_enable    inv_mpu.o
    0x08009974   0x08009974   0x00000006   Code   RO         6778    i.set_sensor_orientation_and_scale  data_builder.o
    0x0800997a   0x0800997a   0x00000002   PAD
    0x0800997c   0x0800997c   0x0000004c   Code   RO         5052    i.setup_gyro        main.o
    0x080099c8   0x080099c8   0x0000003e   Code   RO         8393    i.sqrtf             m_wm.l(sqrtf.o)
    0x08009a06   0x08009a06   0x00000002   PAD
    0x08009a08   0x08009a08   0x000000a4   Code   RO         5053    i.tap_cb            main.o
    0x08009aac   0x08009aac   0x0000001e   Data   RO         6099    .constdata          inv_mpu.o
    0x08009aca   0x08009aca   0x0000000c   Data   RO         6100    .constdata          inv_mpu.o
    0x08009ad6   0x08009ad6   0x00000002   PAD
    0x08009ad8   0x08009ad8   0x00000028   Data   RO         6101    .constdata          inv_mpu.o
    0x08009b00   0x08009b00   0x00000bf6   Data   RO         6403    .constdata          inv_mpu_dmp_motion_driver.o
    0x0800a6f6   0x0800a6f6   0x0000002f   Data   RO         7668    .constdata          mpl.o
    0x0800a725   0x0800a725   0x00000003   PAD
    0x0800a728   0x0800a728   0x00000020   Data   RO         8751    .constdata          m_wm.l(rredf.o)
    0x0800a748   0x0800a748   0x00000009   Data   RO         5056    .conststring        main.o
    0x0800a751   0x0800a751   0x00000003   PAD
    0x0800a754   0x0800a754   0x00000044   Data   RO         6780    .conststring        data_builder.o
    0x0800a798   0x0800a798   0x00000020   Data   RO         8804    Region$$Table       anon$$obj.o


    Execution Region RW_IRAM1 (Exec base: 0x20000000, Load base: 0x0800a7b8, Size: 0x000011a0, Max: 0x00030000, ABSOLUTE)

    Exec Addr    Load Addr    Size         Type   Attr      Idx    E Section Name        Object

    0x20000000   0x0800a7b8   0x00000014   Data   RW           16    .data               system_stm32f4xx.o
    0x20000014   0x0800a7cc   0x00000010   Data   RW         2917    .data               stm32f4xx_rcc.o
    0x20000024   0x0800a7dc   0x00000004   Data   RW         5058    .data               main.o
    0x20000028   0x0800a7e0   0x00000009   Data   RW         5059    .data               main.o
    0x20000031   0x0800a7e9   0x00000001   PAD
    0x20000032   0x0800a7ea   0x00000002   Data   RW         5541    .data               i2c.o
    0x20000034   0x0800a7ec   0x00000008   Data   RW         5621    .data               bsp_systick.o
    0x2000003c   0x0800a7f4   0x0000002c   Data   RW         6102    .data               inv_mpu.o
    0x20000068   0x0800a820   0x00000004   Data   RW         7282    .data               message_layer.o
    0x2000006c   0x0800a824   0x00000004   Data   RW         8773    .data               mc_w.l(stdout.o)
    0x20000070   0x0800a828   0x00000004   Data   RW         8783    .data               mc_w.l(errno.o)
    0x20000074        -       0x00000024   Zero   RW         5055    .bss                main.o
    0x20000098        -       0x00000010   Zero   RW         6402    .bss                inv_mpu_dmp_motion_driver.o
    0x200000a8        -       0x00000028   Zero   RW         6635    .bss                empl_outputs.o
    0x200000d0        -       0x000002d8   Zero   RW         6779    .bss                data_builder.o
    0x200003a8        -       0x000000c4   Zero   RW         7171    .bss                hal_outputs.o
    0x2000046c        -       0x00000088   Zero   RW         7743    .bss                results_holder.o
    0x200004f4        -       0x00000054   Zero   RW         7947    .bss                start_manager.o
    0x20000548        -       0x00000198   Zero   RW         7981    .bss                storage_manager.o
    0x200006e0        -       0x000002a0   Zero   RW         8019    .bss                libmpllib.lib(fast_no_motion.o)
    0x20000980        -       0x00000138   Zero   RW         8110    .bss                libmpllib.lib(fusion_9axis.o)
    0x20000ab8        -       0x000001c4   Zero   RW         8135    .bss                libmpllib.lib(gyro_tc.o)
    0x20000c7c        -       0x0000006c   Zero   RW         8156    .bss                libmpllib.lib(quaternion_supervisor.o)
    0x20000ce8        -       0x000000b8   Zero   RW         8174    .bss                libmpllib.lib(mag_disturb.o)
    0x20000da0        -       0x00000400   Zero   RW            1    STACK               startup_stm32f429_439xx.o


==============================================================================

Image component sizes


      Code (inc. data)   RO Data    RW Data    ZI Data      Debug   Object Name

       188         16          0          0          0       1517   bsp_debug_usart.o
       116         10          0          0          0        710   bsp_led.o
       122          6          0          0          0       1350   bsp_mpu_exti.o
       136         30          0          8          0      30584   bsp_systick.o
      1852        246         68          0        728      26525   data_builder.o
       996        102          0          0         40       9304   empl_outputs.o
       208         14          0          0        196      10544   hal_outputs.o
      1816        102          0          2          0       8924   i2c.o
      5960        268         82         44          0      39754   inv_mpu.o
      2602        156       3062          0         16      28711   inv_mpu_dmp_motion_driver.o
       758         24          0          0          0       3945   log_stm32.o
      3688        888          9         13         36      17193   main.o
        40          8          0          4          0       2316   message_layer.o
       124         16          0          0          0       2111   misc.o
      1570         22          0          0          0      15268   ml_math_func.o
       252        102         47          0          0       5988   mpl.o
       626         88          0          0        136      14622   results_holder.o
       168         20          0          0         84       4108   start_manager.o
        36          8        428          0       1024       1052   startup_stm32f429_439xx.o
       148         16          0          0          0       2920   stm32f4xx_exti.o
       160          0          0          0          0       3024   stm32f4xx_gpio.o
       508         22          0          0          0      11070   stm32f4xx_i2c.o
        58          0          0          0          0       7041   stm32f4xx_it.o
       276         40          0         16          0       6600   stm32f4xx_rcc.o
        44          6          0          0          0        828   stm32f4xx_syscfg.o
       250          8          0          0          0       5766   stm32f4xx_usart.o
       132          8          0          0        408       2969   storage_manager.o
       304         34          0         20          0     288305   system_stm32f4xx.o

    ----------------------------------------------------------------------
     23164       2260       3736        108       2668     553049   Object Totals
         0          0         32          0          0          0   (incl. Generated)
        26          0          8          1          0          0   (incl. Padding)

    ----------------------------------------------------------------------

      Code (inc. data)   RO Data    RW Data    ZI Data      Debug   Library Member Name

      2584         42          0          0        672      20088   fast_no_motion.o
      1712         72          0          0        312       5636   fusion_9axis.o
      1220         32          0          0        452       5735   gyro_tc.o
      1472         48          0          0        184       7614   mag_disturb.o
      2452        130          0          0        108       5637   quaternion_supervisor.o
       280         46          0          0          0        176   acosf.o
       592         90          0          0          0        184   atan2f.o
       336         56          0          0          0        136   cosf.o
        20          0          0          0          0        124   fabs.o
        38          0          0          0          0        116   fpclassifyf.o
        44         12          0          0          0        464   funder.o
       340         24         32          0          0        160   rredf.o
       400         56          0          0          0        212   sinf.o
       120          0          0          0          0        272   sqrtf.o
         0          0          0          0          0          0   entry.o
         0          0          0          0          0          0   entry10a.o
         0          0          0          0          0          0   entry11a.o
         8          4          0          0          0          0   entry2.o
         4          0          0          0          0          0   entry5.o
         0          0          0          0          0          0   entry7b.o
         0          0          0          0          0          0   entry8b.o
         8          4          0          0          0          0   entry9a.o
        12          6          0          4          0         68   errno.o
        30          0          0          0          0          0   handlers.o
        36          8          0          0          0         68   init.o
         0          0          0          0          0          0   iusefp.o
        98          0          0          0          0         84   ldiv.o
        30          0          0          0          0         68   llshl.o
        36          0          0          0          0         68   llsshr.o
        32          0          0          0          0         68   llushr.o
        26          0          0          0          0         80   memcmp.o
        64          0          0          0          0         76   memmovea.o
        36          0          0          0          0        108   memseta.o
      2344        102          0          0          0        684   printfa.o
         0          0          0          4          0          0   stdout.o
        44          0          0          0          0         80   uidiv.o
        98          0          0          0          0         92   uldiv.o
        48          0          0          0          0         68   cdrcmple.o
        56          0          0          0          0         88   d2f.o
       334          0          0          0          0        148   dadd.o
       222          0          0          0          0        100   ddiv.o
       186          0          0          0          0        176   depilogue.o
        62          0          0          0          0         80   dfixi.o
        48          0          0          0          0         68   dfixul.o
        34          0          0          0          0         76   dflti.o
       228          0          0          0          0         96   dmul.o
        38          0          0          0          0         68   f2d.o
       110          0          0          0          0        168   fepilogue.o
        66          0          0          0          0         76   ffixl.o
        44          0          0          0          0         92   ffltl.o

    ----------------------------------------------------------------------
     16004        732         32          8       1728      49402   Library Totals
        12          0          0          0          0          0   (incl. Padding)

    ----------------------------------------------------------------------

      Code (inc. data)   RO Data    RW Data    ZI Data      Debug   Library Name

      9440        324          0          0       1728      44710   libmpllib.lib
      2170        284         32          0          0       1844   m_wm.l
      2906        124          0          8          0       1544   mc_w.l
      1476          0          0          0          0       1304   mf_w.l

    ----------------------------------------------------------------------
     16004        732         32          8       1728      49402   Library Totals

    ----------------------------------------------------------------------

==============================================================================


      Code (inc. data)   RO Data    RW Data    ZI Data      Debug   

     39168       2992       3768        116       4396     576647   Grand Totals
     39168       2992       3768        116       4396     576647   ELF Image Totals
     39168       2992       3768        116          0          0   ROM Totals

==============================================================================

    Total RO  Size (Code + RO Data)                42936 (  41.93kB)
    Total RW  Size (RW Data + ZI Data)              4512 (   4.41kB)
    Total ROM Size (Code + RO Data + RW Data)      43052 (  42.04kB)

==============================================================================

